Archive member included to satisfy reference by file (symbol)

/home/mpiuser/RIOT/examples/M1T5/bin/arduino-uno/application_M1T5.a(main.o)
                              /opt/arduino/hardware/tools/avr/bin/../lib/gcc/avr/5.4.0/../../../../avr/lib/avr5/crtatmega328p.o (main)
/home/mpiuser/RIOT/examples/M1T5/bin/arduino-uno/atmega_common_periph.a(gpio.o)
                              /home/mpiuser/RIOT/examples/M1T5/bin/arduino-uno/application_M1T5.a(main.o) (gpio_init)
/home/mpiuser/RIOT/examples/M1T5/bin/arduino-uno/boards_common_atmega.a(board.o)
                              /home/mpiuser/RIOT/examples/M1T5/bin/arduino-uno/atmega_common/startup.o (board_init)
/home/mpiuser/RIOT/examples/M1T5/bin/arduino-uno/core.a(sched.o)
                              /home/mpiuser/RIOT/examples/M1T5/bin/arduino-uno/atmega_common_periph.a(gpio.o) (sched_context_switch_request)
/home/mpiuser/RIOT/examples/M1T5/bin/arduino-uno/core.a(kernel_init.o)
                              /home/mpiuser/RIOT/examples/M1T5/bin/arduino-uno/atmega_common/startup.o (kernel_init)
/home/mpiuser/RIOT/examples/M1T5/bin/arduino-uno/core.a(thread.o)
                              /home/mpiuser/RIOT/examples/M1T5/bin/arduino-uno/atmega_common_periph.a(gpio.o) (thread_yield)
/home/mpiuser/RIOT/examples/M1T5/bin/arduino-uno/core.a(panic.o)
                              /home/mpiuser/RIOT/examples/M1T5/bin/arduino-uno/core.a(thread.o) (core_panic)
/home/mpiuser/RIOT/examples/M1T5/bin/arduino-uno/ps.a(ps.o)
                              /home/mpiuser/RIOT/examples/M1T5/bin/arduino-uno/core.a(panic.o) (ps)
/home/mpiuser/RIOT/examples/M1T5/bin/arduino-uno/shell.a(shell.o)
                              /home/mpiuser/RIOT/examples/M1T5/bin/arduino-uno/application_M1T5.a(main.o) (shell_run)
/home/mpiuser/RIOT/examples/M1T5/bin/arduino-uno/shell_commands.a(shell_commands.o)
                              /home/mpiuser/RIOT/examples/M1T5/bin/arduino-uno/shell.a(shell.o) (_shell_command_list)
/home/mpiuser/RIOT/examples/M1T5/bin/arduino-uno/shell_commands.a(sc_sys.o)
                              /home/mpiuser/RIOT/examples/M1T5/bin/arduino-uno/shell_commands.a(shell_commands.o) (_reboot_handler)
/home/mpiuser/RIOT/examples/M1T5/bin/arduino-uno/shell_commands.a(sc_ps.o)
                              /home/mpiuser/RIOT/examples/M1T5/bin/arduino-uno/shell_commands.a(shell_commands.o) (_ps_handler)
/home/mpiuser/RIOT/examples/M1T5/bin/arduino-uno/periph_common.a(pm.o)
                              /home/mpiuser/RIOT/examples/M1T5/bin/arduino-uno/core.a(panic.o) (pm_off)
/home/mpiuser/RIOT/examples/M1T5/bin/arduino-uno/atmega_common.a(cpu.o)
                              /home/mpiuser/RIOT/examples/M1T5/bin/arduino-uno/boards_common_atmega.a(board.o) (cpu_init)
/home/mpiuser/RIOT/examples/M1T5/bin/arduino-uno/atmega_common.a(irq_arch.o)
                              /home/mpiuser/RIOT/examples/M1T5/bin/arduino-uno/core.a(sched.o) (irq_disable)
/home/mpiuser/RIOT/examples/M1T5/bin/arduino-uno/atmega_common.a(thread_arch.o)
                              /home/mpiuser/RIOT/examples/M1T5/bin/arduino-uno/core.a(thread.o) (thread_stack_init)
/home/mpiuser/RIOT/examples/M1T5/bin/arduino-uno/atmega_common_periph.a(pm.o)
                              /home/mpiuser/RIOT/examples/M1T5/bin/arduino-uno/shell_commands.a(sc_sys.o) (pm_reboot)
/home/mpiuser/RIOT/examples/M1T5/bin/arduino-uno/auto_init.a(auto_init.o)
                              /home/mpiuser/RIOT/examples/M1T5/bin/arduino-uno/core.a(kernel_init.o) (auto_init)
/home/mpiuser/RIOT/examples/M1T5/bin/arduino-uno/avr_libc_extra.a(atmega_stdio.o)
                              /home/mpiuser/RIOT/examples/M1T5/bin/arduino-uno/boards_common_atmega.a(board.o) (atmega_stdio_init)
/home/mpiuser/RIOT/examples/M1T5/bin/arduino-uno/boards_common_arduino-atmega.a(led_init.o)
                              /home/mpiuser/RIOT/examples/M1T5/bin/arduino-uno/boards_common_atmega.a(board.o) (led_init)
/home/mpiuser/RIOT/examples/M1T5/bin/arduino-uno/stdio_uart.a(stdio_uart.o)
                              /home/mpiuser/RIOT/examples/M1T5/bin/arduino-uno/avr_libc_extra.a(atmega_stdio.o) (stdio_init)
/home/mpiuser/RIOT/examples/M1T5/bin/arduino-uno/periph_common.a(init.o)
                              /home/mpiuser/RIOT/examples/M1T5/bin/arduino-uno/atmega_common.a(cpu.o) (periph_init)
/home/mpiuser/RIOT/examples/M1T5/bin/arduino-uno/atmega_common_periph.a(uart.o)
                              /home/mpiuser/RIOT/examples/M1T5/bin/arduino-uno/stdio_uart.a(stdio_uart.o) (uart_init)
/home/mpiuser/RIOT/examples/M1T5/bin/arduino-uno/isrpipe.a(isrpipe.o)
                              /home/mpiuser/RIOT/examples/M1T5/bin/arduino-uno/stdio_uart.a(stdio_uart.o) (isrpipe_write_one)
/home/mpiuser/RIOT/examples/M1T5/bin/arduino-uno/tsrb.a(tsrb.o)
                              /home/mpiuser/RIOT/examples/M1T5/bin/arduino-uno/isrpipe.a(isrpipe.o) (tsrb_get)
/home/mpiuser/RIOT/examples/M1T5/bin/arduino-uno/core.a(mutex.o)
[...]
Memory Configuration

Name             Origin             Length             Attributes
text             0x0000000000000000 0x0000000000007e00 xr
data             0x0000000000800060 0x0000000000000800 rw !x
eeprom           0x0000000000810000 0x0000000000010000 rw !x
fuse             0x0000000000820000 0x0000000000000003 rw !x
lock             0x0000000000830000 0x0000000000000400 rw !x
signature        0x0000000000840000 0x0000000000000400 rw !x
user_signatures  0x0000000000850000 0x0000000000000400 rw !x
*default*        0x0000000000000000 0xffffffffffffffff

Linker script and memory map

Address of section .data set to 0x800100
LOAD /opt/arduino/hardware/tools/avr/bin/../lib/gcc/avr/5.4.0/../../../../avr/lib/avr5/crtatmega328p.o
LOAD /home/mpiuser/RIOT/examples/M1T5/bin/arduino-uno/atmega_common/startup.o
START GROUP
LOAD /home/mpiuser/RIOT/examples/M1T5/bin/arduino-uno/application_M1T5.a
LOAD /home/mpiuser/RIOT/examples/M1T5/bin/arduino-uno/atmega_common.a
LOAD /home/mpiuser/RIOT/examples/M1T5/bin/arduino-uno/atmega_common_periph.a
LOAD /home/mpiuser/RIOT/examples/M1T5/bin/arduino-uno/auto_init.a
LOAD /home/mpiuser/RIOT/examples/M1T5/bin/arduino-uno/avr_libc_extra.a
LOAD /home/mpiuser/RIOT/examples/M1T5/bin/arduino-uno/board.a
LOAD /home/mpiuser/RIOT/examples/M1T5/bin/arduino-uno/boards_common_arduino-atmega.a
LOAD /home/mpiuser/RIOT/examples/M1T5/bin/arduino-uno/boards_common_atmega.a
LOAD /home/mpiuser/RIOT/examples/M1T5/bin/arduino-uno/core.a
LOAD /home/mpiuser/RIOT/examples/M1T5/bin/arduino-uno/cpu.a
LOAD /home/mpiuser/RIOT/examples/M1T5/bin/arduino-uno/isrpipe.a
LOAD /home/mpiuser/RIOT/examples/M1T5/bin/arduino-uno/ps.a
LOAD /home/mpiuser/RIOT/examples/M1T5/bin/arduino-uno/shell.a
LOAD /home/mpiuser/RIOT/examples/M1T5/bin/arduino-uno/shell_commands.a
LOAD /home/mpiuser/RIOT/examples/M1T5/bin/arduino-uno/stdio_uart.a
LOAD /home/mpiuser/RIOT/examples/M1T5/bin/arduino-uno/sys.a
LOAD /home/mpiuser/RIOT/examples/M1T5/bin/arduino-uno/tsrb.a
LOAD /home/mpiuser/RIOT/examples/M1T5/bin/arduino-uno/periph_common.a
LOAD /opt/arduino/hardware/tools/avr/bin/../lib/gcc/avr/5.4.0/../../../../avr/lib/avr5/libm.a
END GROUP
LOAD /opt/arduino/hardware/tools/avr/bin/../lib/gcc/avr/5.4.0/avr5/libgcc.a
                0x0000000000007e00                __TEXT_REGION_LENGTH__ = 0x7e00
                0x0000000000000800                __DATA_REGION_LENGTH__ = 0x800
START GROUP
LOAD /opt/arduino/hardware/tools/avr/bin/../lib/gcc/avr/5.4.0/avr5/libgcc.a
LOAD /opt/arduino/hardware/tools/avr/bin/../lib/gcc/avr/5.4.0/../../../../avr/lib/avr5/libm.a
LOAD /opt/arduino/hardware/tools/avr/bin/../lib/gcc/avr/5.4.0/../../../../avr/lib/avr5/libc.a
LOAD /opt/arduino/hardware/tools/avr/bin/../lib/gcc/avr/5.4.0/../../../../avr/lib/avr5/libatmega328p.a
END GROUP
                0x0000000000020000                __TEXT_REGION_LENGTH__ = DEFINED (__TEXT_REGION_LENGTH__)?__TEXT_REGION_LENGTH__:0x20000
                0x000000000000ffa0                __DATA_REGION_LENGTH__ = DEFINED (__DATA_REGION_LENGTH__)?__DATA_REGION_LENGTH__:0xffa0
                0x0000000000010000                __EEPROM_REGION_LENGTH__ = DEFINED (__EEPROM_REGION_LENGTH__)?__EEPROM_REGION_LENGTH__:0x10000
                [0x0000000000000003]                __FUSE_REGION_LENGTH__ = DEFINED (__FUSE_REGION_LENGTH__)?__FUSE_REGION_LENGTH__:0x400
                0x0000000000000400                __LOCK_REGION_LENGTH__ = DEFINED (__LOCK_REGION_LENGTH__)?__LOCK_REGION_LENGTH__:0x400
                0x0000000000000400                __SIGNATURE_REGION_LENGTH__ = DEFINED (__SIGNATURE_REGION_LENGTH__)?__SIGNATURE_REGION_LENGTH__:0x400
                0x0000000000000400                __USER_SIGNATURE_REGION_LENGTH__ = DEFINED (__USER_SIGNATURE_REGION_LENGTH__)?__USER_SIGNATURE_REGION_LENGTH__:0x400

.hash
 *(.hash)

.dynsym
 *(.dynsym)

.dynstr
 *(.dynstr)

.gnu.version
 *(.gnu.version)

.gnu.version_d
 *(.gnu.version_d)

.gnu.version_r
 *(.gnu.version_r)

.rel.init
 *(.rel.init)

.rela.init
 *(.rela.init)

.rel.text
 *(.rel.text)
 *(.rel.text.*)
 *(.rel.gnu.linkonce.t*)

.rela.text
 *(.rela.text)
 *(.rela.text.*)
 *(.rela.gnu.linkonce.t*)

.rel.fini
 *(.rel.fini)

.rela.fini
 *(.rela.fini)

.rel.rodata
 *(.rel.rodata)
 *(.rel.rodata.*)
 *(.rel.gnu.linkonce.r*)

.rela.rodata
 *(.rela.rodata)
 *(.rela.rodata.*)
 *(.rela.gnu.linkonce.r*)

.rel.data
 *(.rel.data)
 *(.rel.data.*)
 *(.rel.gnu.linkonce.d*)

.rela.data
 *(.rela.data)
 *(.rela.data.*)
 *(.rela.gnu.linkonce.d*)

.rel.ctors
 *(.rel.ctors)

.rela.ctors
 *(.rela.ctors)

.rel.dtors
 *(.rel.dtors)

.rela.dtors
 *(.rela.dtors)

.rel.got
 *(.rel.got)

.rela.got
 *(.rela.got)

.rel.bss
 *(.rel.bss)

.rela.bss
 *(.rela.bss)

.rel.plt
 *(.rel.plt)

.rela.plt
 *(.rela.plt)

.text           0x0000000000000000     0x1d82
 *(.vectors)
 .vectors       0x0000000000000000       0x68 /opt/arduino/hardware/tools/avr/bin/../lib/gcc/avr/5.4.0/../../../../avr/lib/avr5/crtatmega328p.o
                0x0000000000000000                __vectors
 *(.vectors)
 *(.progmem.gcc*)
                0x0000000000000068                . = ALIGN (0x2)
                0x0000000000000068                __trampolines_start = .
 *(.trampolines)
 .trampolines   0x0000000000000068        0x0 linker stubs
 *(.trampolines*)
                0x0000000000000068                __trampolines_end = .
 *libprintf_flt.a:*(.progmem.data)
 *libc.a:*(.progmem.data)
 *(.progmem*)
 .progmem.data.__c.1999
                0x0000000000000068       0x49 /home/mpiuser/RIOT/examples/M1T5/bin/arduino-uno/atmega_common.a(cpu.o)
                0x00000000000000b2                . = ALIGN (0x2)
 *fill*         0x00000000000000b1        0x1 
 *(.jumptables)
 *(.jumptables*)
 *(.lowtext)
 *(.lowtext*)
                0x00000000000000b2                __ctors_start = .
 *(.ctors)
                0x00000000000000b2                __ctors_end = .
                0x00000000000000b2                __dtors_start = .
 *(.dtors)
                0x00000000000000b2                __dtors_end = .
 SORT(*)(.ctors)
 SORT(*)(.dtors)
 *(.init0)
 .init0         0x00000000000000b2        0x0 /opt/arduino/hardware/tools/avr/bin/../lib/gcc/avr/5.4.0/../../../../avr/lib/avr5/crtatmega328p.o
                0x00000000000000b2                __init
 .init0         0x00000000000000b2       0x24 /home/mpiuser/RIOT/examples/M1T5/bin/arduino-uno/atmega_common.a(cpu.o)
                0x00000000000000b2                get_mcusr
 *(.init0)
 *(.init1)
 *(.init1)
 *(.init2)
 .init2         0x00000000000000d6        0xc /opt/arduino/hardware/tools/avr/bin/../lib/gcc/avr/5.4.0/../../../../avr/lib/avr5/crtatmega328p.o
 *(.init2)
 *(.init3)
 *(.init3)
 *(.init4)
 .init4         0x00000000000000e2       0x16 /opt/arduino/hardware/tools/avr/bin/../lib/gcc/avr/5.4.0/avr5/libgcc.a(_copy_data.o)
                0x00000000000000e2                __do_copy_data
 .init4         0x00000000000000f8       0x10 /opt/arduino/hardware/tools/avr/bin/../lib/gcc/avr/5.4.0/avr5/libgcc.a(_clear_bss.o)
                0x00000000000000f8                __do_clear_bss
 *(.init4)
 *(.init5)
 *(.init5)
 *(.init6)
 *(.init6)
 *(.init7)
 .init7         0x0000000000000108        0x4 /home/mpiuser/RIOT/examples/M1T5/bin/arduino-uno/atmega_common/startup.o
                0x0000000000000108                init7_ovr
 *(.init7)
 *(.init8)
 .init8         0x000000000000010c        0x4 /home/mpiuser/RIOT/examples/M1T5/bin/arduino-uno/atmega_common/startup.o
                0x000000000000010c                init8_ovr
 *(.init8)
 *(.init9)
 .init9         0x0000000000000110        0x8 /opt/arduino/hardware/tools/avr/bin/../lib/gcc/avr/5.4.0/../../../../avr/lib/avr5/crtatmega328p.o
 *(.init9)
 *(.text)
 .text          0x0000000000000118        0x4 /opt/arduino/hardware/tools/avr/bin/../lib/gcc/avr/5.4.0/../../../../avr/lib/avr5/crtatmega328p.o
                0x0000000000000118                __vector_22
                0x0000000000000118                __vector_24
                0x0000000000000118                __vector_12
                0x0000000000000118                __bad_interrupt
                0x0000000000000118                __vector_6
                0x0000000000000118                __vector_3
                0x0000000000000118                __vector_23
                0x0000000000000118                __vector_25
                0x0000000000000118                __vector_11
                0x0000000000000118                __vector_13
                0x0000000000000118                __vector_17
                0x0000000000000118                __vector_19
                0x0000000000000118                __vector_7
                0x0000000000000118                __vector_5
                0x0000000000000118                __vector_4
                0x0000000000000118                __vector_9
                0x0000000000000118                __vector_21
                0x0000000000000118                __vector_15
                0x0000000000000118                __vector_8
                0x0000000000000118                __vector_14
                0x0000000000000118                __vector_10
                0x0000000000000118                __vector_16
                0x0000000000000118                __vector_20
                0x000000000000011c                . = ALIGN (0x2)
 *(.text.*)
 .text.reset_handler
                0x000000000000011c        0x8 /home/mpiuser/RIOT/examples/M1T5/bin/arduino-uno/atmega_common/startup.o
                0x000000000000011c                reset_handler
 .text.DetectMotion
                0x0000000000000124       0x60 /home/mpiuser/RIOT/examples/M1T5/bin/arduino-uno/application_M1T5.a(main.o)
                0x0000000000000124                DetectMotion
 .text.startup.main
                0x0000000000000184       0x6e /home/mpiuser/RIOT/examples/M1T5/bin/arduino-uno/application_M1T5.a(main.o)
                0x0000000000000184                main
 .text._int_num
                0x00000000000001f2       0x14 /home/mpiuser/RIOT/examples/M1T5/bin/arduino-uno/atmega_common_periph.a(gpio.o)
 .text.irq_handler
                0x0000000000000206       0x42 /home/mpiuser/RIOT/examples/M1T5/bin/arduino-uno/atmega_common_periph.a(gpio.o)
 .text.gpio_init
                0x0000000000000248       0x72 /home/mpiuser/RIOT/examples/M1T5/bin/arduino-uno/atmega_common_periph.a(gpio.o)
                0x0000000000000248                gpio_init
 .text.gpio_read
                0x00000000000002ba       0x2c /home/mpiuser/RIOT/examples/M1T5/bin/arduino-uno/atmega_common_periph.a(gpio.o)
                0x00000000000002ba                gpio_read
 .text.gpio_set
                0x00000000000002e6       0x26 /home/mpiuser/RIOT/examples/M1T5/bin/arduino-uno/atmega_common_periph.a(gpio.o)
                0x00000000000002e6                gpio_set
 .text.gpio_clear
                0x000000000000030c       0x2c /home/mpiuser/RIOT/examples/M1T5/bin/arduino-uno/atmega_common_periph.a(gpio.o)
                0x000000000000030c                gpio_clear
 .text.gpio_init_int
                0x0000000000000338       0xc8 /home/mpiuser/RIOT/examples/M1T5/bin/arduino-uno/atmega_common_periph.a(gpio.o)
                0x0000000000000338                gpio_init_int
 .text.gpio_irq_enable
                0x0000000000000400       0x24 /home/mpiuser/RIOT/examples/M1T5/bin/arduino-uno/atmega_common_periph.a(gpio.o)
                0x0000000000000400                gpio_irq_enable
 .text.__vector_1
                0x0000000000000424       0x4a /home/mpiuser/RIOT/examples/M1T5/bin/arduino-uno/atmega_common_periph.a(gpio.o)
                0x0000000000000424                __vector_1
 .text.__vector_2
                0x000000000000046e       0x4a /home/mpiuser/RIOT/examples/M1T5/bin/arduino-uno/atmega_common_periph.a(gpio.o)
                0x000000000000046e                __vector_2
 .text.board_init
                0x00000000000004b8       0x1a /home/mpiuser/RIOT/examples/M1T5/bin/arduino-uno/boards_common_atmega.a(board.o)
                0x00000000000004b8                board_init
 .text.sched_run
                0x00000000000004d2       0x7e /home/mpiuser/RIOT/examples/M1T5/bin/arduino-uno/core.a(sched.o)
                0x00000000000004d2                sched_run
 .text.sched_set_status
                0x0000000000000550      0x122 /home/mpiuser/RIOT/examples/M1T5/bin/arduino-uno/core.a(sched.o)
                0x0000000000000550                sched_set_status
 .text.sched_switch
                0x0000000000000672       0x34 /home/mpiuser/RIOT/examples/M1T5/bin/arduino-uno/core.a(sched.o)
                0x0000000000000672                sched_switch
 .text.sched_task_exit
                0x00000000000006a6       0x44 /home/mpiuser/RIOT/examples/M1T5/bin/arduino-uno/core.a(sched.o)
                0x00000000000006a6                sched_task_exit
 .text.main_trampoline
                0x00000000000006ea       0x1e /home/mpiuser/RIOT/examples/M1T5/bin/arduino-uno/core.a(kernel_init.o)
 .text.idle_thread
                0x0000000000000708        0x6 /home/mpiuser/RIOT/examples/M1T5/bin/arduino-uno/core.a(kernel_init.o)
 .text.kernel_init
                0x000000000000070e       0x48 /home/mpiuser/RIOT/examples/M1T5/bin/arduino-uno/core.a(kernel_init.o)
                0x000000000000070e                kernel_init
 .text.thread_yield
                0x0000000000000756       0x36 /home/mpiuser/RIOT/examples/M1T5/bin/arduino-uno/core.a(thread.o)
                0x0000000000000756                thread_yield
 .text.thread_add_to_list
                0x000000000000078c       0x42 /home/mpiuser/RIOT/examples/M1T5/bin/arduino-uno/core.a(thread.o)
                0x000000000000078c                thread_add_to_list
 .text.thread_measure_stack_free
                0x00000000000007ce       0x1a /home/mpiuser/RIOT/examples/M1T5/bin/arduino-uno/core.a(thread.o)
                0x00000000000007ce                thread_measure_stack_free
 .text.thread_create
                0x00000000000007e8      0x17e /home/mpiuser/RIOT/examples/M1T5/bin/arduino-uno/core.a(thread.o)
                0x00000000000007e8                thread_create
 .text.panic_arch
                0x0000000000000966        0x2 /home/mpiuser/RIOT/examples/M1T5/bin/arduino-uno/core.a(panic.o)
                0x0000000000000966                panic_arch
 .text.core_panic
                0x0000000000000968       0x8c /home/mpiuser/RIOT/examples/M1T5/bin/arduino-uno/core.a(panic.o)
                0x0000000000000968                core_panic
 .text.ps       0x00000000000009f4      0x182 /home/mpiuser/RIOT/examples/M1T5/bin/arduino-uno/ps.a(ps.o)
                0x00000000000009f4                ps
 .text.print_prompt
                0x0000000000000b76       0x24 /home/mpiuser/RIOT/examples/M1T5/bin/arduino-uno/shell.a(shell.o)
 .text.shell_run
                0x0000000000000b9a      0x3d0 /home/mpiuser/RIOT/examples/M1T5/bin/arduino-uno/shell.a(shell.o)
                0x0000000000000b9a                shell_run
 .text._reboot_handler
                0x0000000000000f6a        0xa /home/mpiuser/RIOT/examples/M1T5/bin/arduino-uno/shell_commands.a(sc_sys.o)
                0x0000000000000f6a                _reboot_handler
 .text._ps_handler
                0x0000000000000f74        0xa /home/mpiuser/RIOT/examples/M1T5/bin/arduino-uno/shell_commands.a(sc_ps.o)
                0x0000000000000f74                _ps_handler
 .text.pm_off   0x0000000000000f7e        0x6 /home/mpiuser/RIOT/examples/M1T5/bin/arduino-uno/periph_common.a(pm.o)
                0x0000000000000f7e                pm_off
 .text.pm_set_lowest
                0x0000000000000f84        0x2 /home/mpiuser/RIOT/examples/M1T5/bin/arduino-uno/periph_common.a(pm.o)
                0x0000000000000f84                pm_set_lowest
 .text.cpu_init
                0x0000000000000f86       0x1c /home/mpiuser/RIOT/examples/M1T5/bin/arduino-uno/atmega_common.a(cpu.o)
                0x0000000000000f86                cpu_init
 .text.__vector_default
                0x0000000000000fa2       0x16 /home/mpiuser/RIOT/examples/M1T5/bin/arduino-uno/atmega_common.a(cpu.o)
                0x0000000000000fa2                __vector_default
 .text.irq_disable
                0x0000000000000fb8        0xc /home/mpiuser/RIOT/examples/M1T5/bin/arduino-uno/atmega_common.a(irq_arch.o)
                0x0000000000000fb8                irq_disable
 .text.irq_enable
                0x0000000000000fc4        0xc /home/mpiuser/RIOT/examples/M1T5/bin/arduino-uno/atmega_common.a(irq_arch.o)
                0x0000000000000fc4                irq_enable
 .text.irq_restore
                0x0000000000000fd0       0x14 /home/mpiuser/RIOT/examples/M1T5/bin/arduino-uno/atmega_common.a(irq_arch.o)
                0x0000000000000fd0                irq_restore
 .text.irq_is_in
                0x0000000000000fe4        0x8 /home/mpiuser/RIOT/examples/M1T5/bin/arduino-uno/atmega_common.a(irq_arch.o)
                0x0000000000000fe4                irq_is_in
 .text.__enter_thread_mode
                0x0000000000000fec       0x5a /home/mpiuser/RIOT/examples/M1T5/bin/arduino-uno/atmega_common.a(thread_arch.o)
 .text.thread_stack_init
                0x0000000000001046       0x5a /home/mpiuser/RIOT/examples/M1T5/bin/arduino-uno/atmega_common.a(thread_arch.o)
                0x0000000000001046                thread_stack_init
 .text.cpu_switch_context_exit
                0x00000000000010a0        0x8 /home/mpiuser/RIOT/examples/M1T5/bin/arduino-uno/atmega_common.a(thread_arch.o)
                0x00000000000010a0                cpu_switch_context_exit
 .text.thread_yield_higher
                0x00000000000010a8       0xcc /home/mpiuser/RIOT/examples/M1T5/bin/arduino-uno/atmega_common.a(thread_arch.o)
                0x00000000000010a8                thread_yield_higher
 .text.thread_yield_isr
                0x0000000000001174       0xb4 /home/mpiuser/RIOT/examples/M1T5/bin/arduino-uno/atmega_common.a(thread_arch.o)
                0x0000000000001174                thread_yield_isr
 .text.pm_reboot
                0x0000000000001228       0x22 /home/mpiuser/RIOT/examples/M1T5/bin/arduino-uno/atmega_common_periph.a(pm.o)
                0x0000000000001228                pm_reboot
 .text.auto_init
                0x000000000000124a        0x2 /home/mpiuser/RIOT/examples/M1T5/bin/arduino-uno/auto_init.a(auto_init.o)
                0x000000000000124a                auto_init
 .text._uart_getchar
                0x000000000000124c       0x26 /home/mpiuser/RIOT/examples/M1T5/bin/arduino-uno/avr_libc_extra.a(atmega_stdio.o)
 .text._uart_putchar
                0x0000000000001272       0x24 /home/mpiuser/RIOT/examples/M1T5/bin/arduino-uno/avr_libc_extra.a(atmega_stdio.o)
 .text.atmega_stdio_init
                0x0000000000001296       0x20 /home/mpiuser/RIOT/examples/M1T5/bin/arduino-uno/avr_libc_extra.a(atmega_stdio.o)
                0x0000000000001296                atmega_stdio_init
 .text.led_init
                0x00000000000012b6        0xc /home/mpiuser/RIOT/examples/M1T5/bin/arduino-uno/boards_common_arduino-atmega.a(led_init.o)
                0x00000000000012b6                led_init
 .text.stdio_init
                0x00000000000012c2       0x22 /home/mpiuser/RIOT/examples/M1T5/bin/arduino-uno/stdio_uart.a(stdio_uart.o)
                0x00000000000012c2                stdio_init
 .text.stdio_read
                0x00000000000012e4        0xc /home/mpiuser/RIOT/examples/M1T5/bin/arduino-uno/stdio_uart.a(stdio_uart.o)
                0x00000000000012e4                stdio_read
 .text.stdio_write
                0x00000000000012f0       0x1a /home/mpiuser/RIOT/examples/M1T5/bin/arduino-uno/stdio_uart.a(stdio_uart.o)
                0x00000000000012f0                stdio_write
 .text.periph_init
                0x000000000000130a        0x2 /home/mpiuser/RIOT/examples/M1T5/bin/arduino-uno/periph_common.a(init.o)
                0x000000000000130a                periph_init
 .text.uart_init
                0x000000000000130c       0x8e /home/mpiuser/RIOT/examples/M1T5/bin/arduino-uno/atmega_common_periph.a(uart.o)
                0x000000000000130c                uart_init
 .text.uart_write
                0x000000000000139a       0x1e /home/mpiuser/RIOT/examples/M1T5/bin/arduino-uno/atmega_common_periph.a(uart.o)
                0x000000000000139a                uart_write
 .text.__vector_18
                0x00000000000013b8       0x7c /home/mpiuser/RIOT/examples/M1T5/bin/arduino-uno/atmega_common_periph.a(uart.o)
                0x00000000000013b8                __vector_18
 .text.isrpipe_write_one
                0x0000000000001434       0x24 /home/mpiuser/RIOT/examples/M1T5/bin/arduino-uno/isrpipe.a(isrpipe.o)
                0x0000000000001434                isrpipe_write_one
 .text.isrpipe_read
                0x0000000000001458       0x4a /home/mpiuser/RIOT/examples/M1T5/bin/arduino-uno/isrpipe.a(isrpipe.o)
                0x0000000000001458                isrpipe_read
 .text._pop     0x00000000000014a2       0x36 /home/mpiuser/RIOT/examples/M1T5/bin/arduino-uno/tsrb.a(tsrb.o)
 .text.tsrb_get
                0x00000000000014d8       0x54 /home/mpiuser/RIOT/examples/M1T5/bin/arduino-uno/tsrb.a(tsrb.o)
                0x00000000000014d8                tsrb_get
 .text.tsrb_add_one
                0x000000000000152c       0x58 /home/mpiuser/RIOT/examples/M1T5/bin/arduino-uno/tsrb.a(tsrb.o)
                0x000000000000152c                tsrb_add_one
 .text._mutex_lock
                0x0000000000001584       0x8a /home/mpiuser/RIOT/examples/M1T5/bin/arduino-uno/core.a(mutex.o)
                0x0000000000001584                _mutex_lock
 .text.mutex_unlock
                0x000000000000160e       0x82 /home/mpiuser/RIOT/examples/M1T5/bin/arduino-uno/core.a(mutex.o)
                0x000000000000160e                mutex_unlock
 .text.libgcc.div
                0x0000000000001690       0x44 /opt/arduino/hardware/tools/avr/bin/../lib/gcc/avr/5.4.0/avr5/libgcc.a(_udivmodsi4.o)
                0x0000000000001690                __udivmodsi4
 .text.avr-libc
                0x00000000000016d4       0x12 /opt/arduino/hardware/tools/avr/bin/../lib/gcc/avr/5.4.0/../../../../avr/lib/avr5/libc.a(strcmp.o)
                0x00000000000016d4                strcmp
 .text.avr-libc
                0x00000000000016e6       0x7c /opt/arduino/hardware/tools/avr/bin/../lib/gcc/avr/5.4.0/../../../../avr/lib/avr5/libc.a(fgetc.o)
                0x00000000000016e6                fgetc
 .text.avr-libc
                0x0000000000001762       0x78 /opt/arduino/hardware/tools/avr/bin/../lib/gcc/avr/5.4.0/../../../../avr/lib/avr5/libc.a(fputc.o)
                0x0000000000001762                fputc
 .text.avr-libc
                0x00000000000017da       0x2c /opt/arduino/hardware/tools/avr/bin/../lib/gcc/avr/5.4.0/../../../../avr/lib/avr5/libc.a(printf.o)
                0x00000000000017da                printf
 .text.avr-libc
                0x0000000000001806       0x60 /opt/arduino/hardware/tools/avr/bin/../lib/gcc/avr/5.4.0/../../../../avr/lib/avr5/libc.a(puts.o)
                0x0000000000001806                puts
 .text.avr-libc
                0x0000000000001866      0x3c2 /opt/arduino/hardware/tools/avr/bin/../lib/gcc/avr/5.4.0/../../../../avr/lib/avr5/libc.a(vfprintf_std.o)
                0x0000000000001866                vfprintf
 .text.avr-libc
                0x0000000000001c28       0x16 /opt/arduino/hardware/tools/avr/bin/../lib/gcc/avr/5.4.0/../../../../avr/lib/avr5/libc.a(strnlen_P.o)
                0x0000000000001c28                strnlen_P
 .text.avr-libc
                0x0000000000001c3e       0x16 /opt/arduino/hardware/tools/avr/bin/../lib/gcc/avr/5.4.0/../../../../avr/lib/avr5/libc.a(strnlen.o)
                0x0000000000001c3e                strnlen
 .text.avr-libc
                0x0000000000001c54       0xbc /opt/arduino/hardware/tools/avr/bin/../lib/gcc/avr/5.4.0/../../../../avr/lib/avr5/libc.a(ultoa_invert.o)
                0x0000000000001c54                __ultoa_invert
 .text.libgcc.prologue
                0x0000000000001d10       0x38 /opt/arduino/hardware/tools/avr/bin/../lib/gcc/avr/5.4.0/avr5/libgcc.a(_prologue.o)
                0x0000000000001d10                __prologue_saves__
 .text.libgcc.prologue
                0x0000000000001d48       0x36 /opt/arduino/hardware/tools/avr/bin/../lib/gcc/avr/5.4.0/avr5/libgcc.a(_epilogue.o)
                0x0000000000001d48                __epilogue_restores__
                0x0000000000001d7e                . = ALIGN (0x2)
 *(.fini9)
 .fini9         0x0000000000001d7e        0x0 /opt/arduino/hardware/tools/avr/bin/../lib/gcc/avr/5.4.0/avr5/libgcc.a(_exit.o)
                0x0000000000001d7e                exit
                0x0000000000001d7e                _exit
 *(.fini9)
 *(.fini8)
 *(.fini8)
 *(.fini7)
 *(.fini7)
 *(.fini6)
 *(.fini6)
 *(.fini5)
 *(.fini5)
 *(.fini4)
 *(.fini4)
 *(.fini3)
 *(.fini3)
 *(.fini2)
 *(.fini2)
 *(.fini1)
 *(.fini1)
 *(.fini0)
 .fini0         0x0000000000001d7e        0x4 /opt/arduino/hardware/tools/avr/bin/../lib/gcc/avr/5.4.0/avr5/libgcc.a(_exit.o)
 *(.fini0)
                0x0000000000001d82                _etext = .

.data           0x0000000000800100      0x308 load address 0x0000000000001d82
                0x0000000000800100                PROVIDE (__data_start, .)
 *(.data)
 *(.data*)
 .data.sensor   0x0000000000800100        0x1 /home/mpiuser/RIOT/examples/M1T5/bin/arduino-uno/application_M1T5.a(main.o)
                0x0000000000800100                sensor
 .data.led      0x0000000000800101        0x1 /home/mpiuser/RIOT/examples/M1T5/bin/arduino-uno/application_M1T5.a(main.o)
                0x0000000000800101                led
 .data.idle_name
                0x0000000000800102        0x2 /home/mpiuser/RIOT/examples/M1T5/bin/arduino-uno/core.a(kernel_init.o)
                0x0000000000800102                idle_name
 .data.main_name
                0x0000000000800104        0x2 /home/mpiuser/RIOT/examples/M1T5/bin/arduino-uno/core.a(kernel_init.o)
                0x0000000000800104                main_name
 .data._uart_stdin
                0x0000000000800106        0xe /home/mpiuser/RIOT/examples/M1T5/bin/arduino-uno/avr_libc_extra.a(atmega_stdio.o)
 .data._uart_stdout
                0x0000000000800114        0xe /home/mpiuser/RIOT/examples/M1T5/bin/arduino-uno/avr_libc_extra.a(atmega_stdio.o)
 .data.stdio_uart_isrpipe
                0x0000000000800122        0xa /home/mpiuser/RIOT/examples/M1T5/bin/arduino-uno/stdio_uart.a(stdio_uart.o)
                0x0000000000800122                stdio_uart_isrpipe
 *(.gnu.linkonce.d*)
 *(.rodata)
 *(.rodata*)
 .rodata.str1.1
                0x000000000080012c       0x3d /home/mpiuser/RIOT/examples/M1T5/bin/arduino-uno/application_M1T5.a(main.o)
 .rodata.str1.1
                0x0000000000800169       0x45 /home/mpiuser/RIOT/examples/M1T5/bin/arduino-uno/core.a(kernel_init.o)
 .rodata.str1.1
                0x00000000008001ae       0x41 /home/mpiuser/RIOT/examples/M1T5/bin/arduino-uno/core.a(panic.o)
                                         0x43 (size before relaxing)
 .rodata.assert_crash_message
                0x00000000008001ef       0x12 /home/mpiuser/RIOT/examples/M1T5/bin/arduino-uno/core.a(panic.o)
                0x00000000008001ef                assert_crash_message
 .rodata.str1.1
                0x0000000000800201      0x115 /home/mpiuser/RIOT/examples/M1T5/bin/arduino-uno/ps.a(ps.o)
 .rodata.state_names
                0x0000000000800316       0x18 /home/mpiuser/RIOT/examples/M1T5/bin/arduino-uno/ps.a(ps.o)
 .rodata.str1.1
                0x000000000080032e       0x82 /home/mpiuser/RIOT/examples/M1T5/bin/arduino-uno/shell.a(shell.o)
 .rodata.str1.1
                0x00000000008003b0       0x44 /home/mpiuser/RIOT/examples/M1T5/bin/arduino-uno/shell_commands.a(shell_commands.o)
 .rodata._shell_command_list
                0x00000000008003f4       0x12 /home/mpiuser/RIOT/examples/M1T5/bin/arduino-uno/shell_commands.a(shell_commands.o)
                0x00000000008003f4                _shell_command_list
 .rodata.str1.1
                0x0000000000800406        0x2 /home/mpiuser/RIOT/examples/M1T5/bin/arduino-uno/avr_libc_extra.a(atmega_stdio.o)
 *(.gnu.linkonce.r*)
                0x0000000000800408                . = ALIGN (0x2)
                0x0000000000800408                _edata = .
                0x0000000000800408                PROVIDE (__data_end, .)

.bss            0x0000000000800408      0x3c3
                0x0000000000800408                PROVIDE (__bss_start, .)
 *(.bss)
 *(.bss*)
 .bss.config    0x0000000000800408        0x8 /home/mpiuser/RIOT/examples/M1T5/bin/arduino-uno/atmega_common_periph.a(gpio.o)
 .bss.runqueue_bitcache
                0x0000000000800410        0x4 /home/mpiuser/RIOT/examples/M1T5/bin/arduino-uno/core.a(sched.o)
 .bss.sched_runqueues
                0x0000000000800414       0x20 /home/mpiuser/RIOT/examples/M1T5/bin/arduino-uno/core.a(sched.o)
                0x0000000000800414                sched_runqueues
 .bss.sched_active_pid
                0x0000000000800434        0x2 /home/mpiuser/RIOT/examples/M1T5/bin/arduino-uno/core.a(sched.o)
                0x0000000000800434                sched_active_pid
 .bss.sched_active_thread
                0x0000000000800436        0x2 /home/mpiuser/RIOT/examples/M1T5/bin/arduino-uno/core.a(sched.o)
                0x0000000000800436                sched_active_thread
 .bss.sched_threads
                0x0000000000800438       0x42 /home/mpiuser/RIOT/examples/M1T5/bin/arduino-uno/core.a(sched.o)
                0x0000000000800438                sched_threads
 .bss.sched_context_switch_request
                0x000000000080047a        0x2 /home/mpiuser/RIOT/examples/M1T5/bin/arduino-uno/core.a(sched.o)
                0x000000000080047a                sched_context_switch_request
 .bss.sched_num_threads
                0x000000000080047c        0x2 /home/mpiuser/RIOT/examples/M1T5/bin/arduino-uno/core.a(sched.o)
                0x000000000080047c                sched_num_threads
 .bss.idle_stack
                0x000000000080047e       0x80 /home/mpiuser/RIOT/examples/M1T5/bin/arduino-uno/core.a(kernel_init.o)
 .bss.main_stack
                0x00000000008004fe      0x280 /home/mpiuser/RIOT/examples/M1T5/bin/arduino-uno/core.a(kernel_init.o)
 .bss.crashed   0x000000000080077e        0x2 /home/mpiuser/RIOT/examples/M1T5/bin/arduino-uno/core.a(panic.o)
 .bss.__in_isr  0x0000000000800780        0x1 /home/mpiuser/RIOT/examples/M1T5/bin/arduino-uno/atmega_common.a(irq_arch.o)
                0x0000000000800780                __in_isr
 .bss._rx_buf_mem
                0x0000000000800781       0x40 /home/mpiuser/RIOT/examples/M1T5/bin/arduino-uno/stdio_uart.a(stdio_uart.o)
 .bss.isr_ctx   0x00000000008007c1        0x4 /home/mpiuser/RIOT/examples/M1T5/bin/arduino-uno/atmega_common_periph.a(uart.o)
 *(COMMON)
 COMMON         0x00000000008007c5        0x6 /opt/arduino/hardware/tools/avr/bin/../lib/gcc/avr/5.4.0/../../../../avr/lib/avr5/libc.a(iob.o)
                0x00000000008007c5                __iob
                0x00000000008007cb                PROVIDE (__bss_end, .)
                0x0000000000001d82                __data_load_start = LOADADDR (.data)
                0x000000000000208a                __data_load_end = (__data_load_start + SIZEOF (.data))

.noinit         0x00000000008007cb        0x2
                [!provide]                        PROVIDE (__noinit_start, .)
 *(.noinit*)
 .noinit        0x00000000008007cb        0x2 /home/mpiuser/RIOT/examples/M1T5/bin/arduino-uno/atmega_common.a(cpu.o)
                0x00000000008007cb                soft_rst
                0x00000000008007cc                mcusr_mirror
                [!provide]                        PROVIDE (__noinit_end, .)
                0x00000000008007cd                _end = .
                [!provide]                        PROVIDE (__heap_start, .)

.eeprom         0x0000000000810000        0x0
 *(.eeprom*)
                0x0000000000810000                __eeprom_end = .

.fuse
 *(.fuse)
 *(.lfuse)
 *(.hfuse)
 *(.efuse)

.lock
 *(.lock*)

.signature
 *(.signature*)

.user_signatures
 *(.user_signatures*)

.stab
 *(.stab)

.stabstr
 *(.stabstr)

.stab.excl
 *(.stab.excl)

.stab.exclstr
 *(.stab.exclstr)

.stab.index
 *(.stab.index)

.stab.indexstr
 *(.stab.indexstr)

.comment        0x0000000000000000       0x11
 *(.comment)
 .comment       0x0000000000000000       0x11 /home/mpiuser/RIOT/examples/M1T5/bin/arduino-uno/atmega_common/startup.o
                                         0x12 (size before relaxing)
 .comment       0x0000000000000011       0x12 /home/mpiuser/RIOT/examples/M1T5/bin/arduino-uno/application_M1T5.a(main.o)
 .comment       0x0000000000000011       0x12 /home/mpiuser/RIOT/examples/M1T5/bin/arduino-uno/atmega_common_periph.a(gpio.o)
 .comment       0x0000000000000011       0x12 /home/mpiuser/RIOT/examples/M1T5/bin/arduino-uno/boards_common_atmega.a(board.o)
 .comment       0x0000000000000011       0x12 /home/mpiuser/RIOT/examples/M1T5/bin/arduino-uno/core.a(sched.o)
 .comment       0x0000000000000011       0x12 /home/mpiuser/RIOT/examples/M1T5/bin/arduino-uno/core.a(kernel_init.o)
 .comment       0x0000000000000011       0x12 /home/mpiuser/RIOT/examples/M1T5/bin/arduino-uno/core.a(thread.o)
 .comment       0x0000000000000011       0x12 /home/mpiuser/RIOT/examples/M1T5/bin/arduino-uno/core.a(panic.o)
 .comment       0x0000000000000011       0x12 /home/mpiuser/RIOT/examples/M1T5/bin/arduino-uno/ps.a(ps.o)
 .comment       0x0000000000000011       0x12 /home/mpiuser/RIOT/examples/M1T5/bin/arduino-uno/shell.a(shell.o)
 .comment       0x0000000000000011       0x12 /home/mpiuser/RIOT/examples/M1T5/bin/arduino-uno/shell_commands.a(shell_commands.o)
 .comment       0x0000000000000011       0x12 /home/mpiuser/RIOT/examples/M1T5/bin/arduino-uno/shell_commands.a(sc_sys.o)
 .comment       0x0000000000000011       0x12 /home/mpiuser/RIOT/examples/M1T5/bin/arduino-uno/shell_commands.a(sc_ps.o)
 .comment       0x0000000000000011       0x12 /home/mpiuser/RIOT/examples/M1T5/bin/arduino-uno/periph_common.a(pm.o)
 .comment       0x0000000000000011       0x12 /home/mpiuser/RIOT/examples/M1T5/bin/arduino-uno/atmega_common.a(cpu.o)
 .comment       0x0000000000000011       0x12 /home/mpiuser/RIOT/examples/M1T5/bin/arduino-uno/atmega_common.a(irq_arch.o)
 .comment       0x0000000000000011       0x12 /home/mpiuser/RIOT/examples/M1T5/bin/arduino-uno/atmega_common.a(thread_arch.o)
 .comment       0x0000000000000011       0x12 /home/mpiuser/RIOT/examples/M1T5/bin/arduino-uno/atmega_common_periph.a(pm.o)
 .comment       0x0000000000000011       0x12 /home/mpiuser/RIOT/examples/M1T5/bin/arduino-uno/auto_init.a(auto_init.o)
 .comment       0x0000000000000011       0x12 /home/mpiuser/RIOT/examples/M1T5/bin/arduino-uno/avr_libc_extra.a(atmega_stdio.o)
 .comment       0x0000000000000011       0x12 /home/mpiuser/RIOT/examples/M1T5/bin/arduino-uno/boards_common_arduino-atmega.a(led_init.o)
 .comment       0x0000000000000011       0x12 /home/mpiuser/RIOT/examples/M1T5/bin/arduino-uno/stdio_uart.a(stdio_uart.o)
 .comment       0x0000000000000011       0x12 /home/mpiuser/RIOT/examples/M1T5/bin/arduino-uno/periph_common.a(init.o)
 .comment       0x0000000000000011       0x12 /home/mpiuser/RIOT/examples/M1T5/bin/arduino-uno/atmega_common_periph.a(uart.o)
 .comment       0x0000000000000011       0x12 /home/mpiuser/RIOT/examples/M1T5/bin/arduino-uno/isrpipe.a(isrpipe.o)
 .comment       0x0000000000000011       0x12 /home/mpiuser/RIOT/examples/M1T5/bin/arduino-uno/tsrb.a(tsrb.o)
 .comment       0x0000000000000011       0x12 /home/mpiuser/RIOT/examples/M1T5/bin/arduino-uno/core.a(mutex.o)
 .comment       0x0000000000000011       0x12 /opt/arduino/hardware/tools/avr/bin/../lib/gcc/avr/5.4.0/../../../../avr/lib/avr5/libc.a(fgetc.o)
 .comment       0x0000000000000011       0x12 /opt/arduino/hardware/tools/avr/bin/../lib/gcc/avr/5.4.0/../../../../avr/lib/avr5/libc.a(fputc.o)
 .comment       0x0000000000000011       0x12 /opt/arduino/hardware/tools/avr/bin/../lib/gcc/avr/5.4.0/../../../../avr/lib/avr5/libc.a(iob.o)
 .comment       0x0000000000000011       0x12 /opt/arduino/hardware/tools/avr/bin/../lib/gcc/avr/5.4.0/../../../../avr/lib/avr5/libc.a(printf.o)
 .comment       0x0000000000000011       0x12 /opt/arduino/hardware/tools/avr/bin/../lib/gcc/avr/5.4.0/../../../../avr/lib/avr5/libc.a(puts.o)
 .comment       0x0000000000000011       0x12 /opt/arduino/hardware/tools/avr/bin/../lib/gcc/avr/5.4.0/../../../../avr/lib/avr5/libc.a(vfprintf_std.o)

.note.gnu.avr.deviceinfo
                0x0000000000000000       0x40
 .note.gnu.avr.deviceinfo
                0x0000000000000000       0x40 /opt/arduino/hardware/tools/avr/bin/../lib/gcc/avr/5.4.0/../../../../avr/lib/avr5/crtatmega328p.o

.note.gnu.build-id
 *(.note.gnu.build-id)

.debug
 *(.debug)

.line
 *(.line)

.debug_srcinfo
 *(.debug_srcinfo)

.debug_sfnames
 *(.debug_sfnames)

.debug_aranges  0x0000000000000000      0x600
 *(.debug_aranges)
 .debug_aranges
                0x0000000000000000       0x30 /home/mpiuser/RIOT/examples/M1T5/bin/arduino-uno/atmega_common/startup.o
 .debug_aranges
                0x0000000000000030       0x28 /home/mpiuser/RIOT/examples/M1T5/bin/arduino-uno/application_M1T5.a(main.o)
 .debug_aranges
                0x0000000000000058       0x80 /home/mpiuser/RIOT/examples/M1T5/bin/arduino-uno/atmega_common_periph.a(gpio.o)
 .debug_aranges
                0x00000000000000d8       0x20 /home/mpiuser/RIOT/examples/M1T5/bin/arduino-uno/boards_common_atmega.a(board.o)
 .debug_aranges
                0x00000000000000f8       0x38 /home/mpiuser/RIOT/examples/M1T5/bin/arduino-uno/core.a(sched.o)
 .debug_aranges
                0x0000000000000130       0x30 /home/mpiuser/RIOT/examples/M1T5/bin/arduino-uno/core.a(kernel_init.o)
 .debug_aranges
                0x0000000000000160       0x60 /home/mpiuser/RIOT/examples/M1T5/bin/arduino-uno/core.a(thread.o)
 .debug_aranges
                0x00000000000001c0       0x28 /home/mpiuser/RIOT/examples/M1T5/bin/arduino-uno/core.a(panic.o)
 .debug_aranges
                0x00000000000001e8       0x20 /home/mpiuser/RIOT/examples/M1T5/bin/arduino-uno/ps.a(ps.o)
 .debug_aranges
                0x0000000000000208       0x28 /home/mpiuser/RIOT/examples/M1T5/bin/arduino-uno/shell.a(shell.o)
 .debug_aranges
                0x0000000000000230       0x18 /home/mpiuser/RIOT/examples/M1T5/bin/arduino-uno/shell_commands.a(shell_commands.o)
 .debug_aranges
                0x0000000000000248       0x20 /home/mpiuser/RIOT/examples/M1T5/bin/arduino-uno/shell_commands.a(sc_sys.o)
 .debug_aranges
                0x0000000000000268       0x20 /home/mpiuser/RIOT/examples/M1T5/bin/arduino-uno/shell_commands.a(sc_ps.o)
 .debug_aranges
                0x0000000000000288       0x28 /home/mpiuser/RIOT/examples/M1T5/bin/arduino-uno/periph_common.a(pm.o)
 .debug_aranges
                0x00000000000002b0       0x38 /home/mpiuser/RIOT/examples/M1T5/bin/arduino-uno/atmega_common.a(cpu.o)
 .debug_aranges
                0x00000000000002e8       0x38 /home/mpiuser/RIOT/examples/M1T5/bin/arduino-uno/atmega_common.a(irq_arch.o)
 .debug_aranges
                0x0000000000000320       0x48 /home/mpiuser/RIOT/examples/M1T5/bin/arduino-uno/atmega_common.a(thread_arch.o)
 .debug_aranges
                0x0000000000000368       0x20 /home/mpiuser/RIOT/examples/M1T5/bin/arduino-uno/atmega_common_periph.a(pm.o)
 .debug_aranges
                0x0000000000000388       0x20 /home/mpiuser/RIOT/examples/M1T5/bin/arduino-uno/auto_init.a(auto_init.o)
 .debug_aranges
                0x00000000000003a8       0x30 /home/mpiuser/RIOT/examples/M1T5/bin/arduino-uno/avr_libc_extra.a(atmega_stdio.o)
 .debug_aranges
                0x00000000000003d8       0x20 /home/mpiuser/RIOT/examples/M1T5/bin/arduino-uno/boards_common_arduino-atmega.a(led_init.o)
 .debug_aranges
                0x00000000000003f8       0x30 /home/mpiuser/RIOT/examples/M1T5/bin/arduino-uno/stdio_uart.a(stdio_uart.o)
 .debug_aranges
                0x0000000000000428       0x20 /home/mpiuser/RIOT/examples/M1T5/bin/arduino-uno/periph_common.a(init.o)
 .debug_aranges
                0x0000000000000448       0x38 /home/mpiuser/RIOT/examples/M1T5/bin/arduino-uno/atmega_common_periph.a(uart.o)
 .debug_aranges
                0x0000000000000480       0x48 /home/mpiuser/RIOT/examples/M1T5/bin/arduino-uno/isrpipe.a(isrpipe.o)
 .debug_aranges
                0x00000000000004c8       0x48 /home/mpiuser/RIOT/examples/M1T5/bin/arduino-uno/tsrb.a(tsrb.o)
 .debug_aranges
                0x0000000000000510       0x30 /home/mpiuser/RIOT/examples/M1T5/bin/arduino-uno/core.a(mutex.o)
 .debug_aranges
                0x0000000000000540       0x20 /opt/arduino/hardware/tools/avr/bin/../lib/gcc/avr/5.4.0/avr5/libgcc.a(_udivmodsi4.o)
 .debug_aranges
                0x0000000000000560       0x20 /opt/arduino/hardware/tools/avr/bin/../lib/gcc/avr/5.4.0/avr5/libgcc.a(_exit.o)
 .debug_aranges
                0x0000000000000580       0x20 /opt/arduino/hardware/tools/avr/bin/../lib/gcc/avr/5.4.0/avr5/libgcc.a(_copy_data.o)
 .debug_aranges
                0x00000000000005a0       0x20 /opt/arduino/hardware/tools/avr/bin/../lib/gcc/avr/5.4.0/avr5/libgcc.a(_clear_bss.o)
 .debug_aranges
                0x00000000000005c0       0x20 /opt/arduino/hardware/tools/avr/bin/../lib/gcc/avr/5.4.0/avr5/libgcc.a(_prologue.o)
 .debug_aranges
                0x00000000000005e0       0x20 /opt/arduino/hardware/tools/avr/bin/../lib/gcc/avr/5.4.0/avr5/libgcc.a(_epilogue.o)

.debug_pubnames
 *(.debug_pubnames)

.debug_info     0x0000000000000000     0x78e3
 *(.debug_info .gnu.linkonce.wi.*)
 .debug_info    0x0000000000000000      0x5f4 /opt/arduino/hardware/tools/avr/bin/../lib/gcc/avr/5.4.0/../../../../avr/lib/avr5/crtatmega328p.o
 .debug_info    0x00000000000005f4      0x277 /home/mpiuser/RIOT/examples/M1T5/bin/arduino-uno/atmega_common/startup.o
 .debug_info    0x000000000000086b      0x482 /home/mpiuser/RIOT/examples/M1T5/bin/arduino-uno/application_M1T5.a(main.o)
 .debug_info    0x0000000000000ced      0x9b9 /home/mpiuser/RIOT/examples/M1T5/bin/arduino-uno/atmega_common_periph.a(gpio.o)
 .debug_info    0x00000000000016a6      0x2f6 /home/mpiuser/RIOT/examples/M1T5/bin/arduino-uno/boards_common_atmega.a(board.o)
 .debug_info    0x000000000000199c      0x641 /home/mpiuser/RIOT/examples/M1T5/bin/arduino-uno/core.a(sched.o)
 .debug_info    0x0000000000001fdd      0x344 /home/mpiuser/RIOT/examples/M1T5/bin/arduino-uno/core.a(kernel_init.o)
 .debug_info    0x0000000000002321      0xa11 /home/mpiuser/RIOT/examples/M1T5/bin/arduino-uno/core.a(thread.o)
 .debug_info    0x0000000000002d32      0x22a /home/mpiuser/RIOT/examples/M1T5/bin/arduino-uno/core.a(panic.o)
 .debug_info    0x0000000000002f5c      0x446 /home/mpiuser/RIOT/examples/M1T5/bin/arduino-uno/ps.a(ps.o)
 .debug_info    0x00000000000033a2      0x78a /home/mpiuser/RIOT/examples/M1T5/bin/arduino-uno/shell.a(shell.o)
 .debug_info    0x0000000000003b2c      0x10f /home/mpiuser/RIOT/examples/M1T5/bin/arduino-uno/shell_commands.a(shell_commands.o)
 .debug_info    0x0000000000003c3b      0x149 /home/mpiuser/RIOT/examples/M1T5/bin/arduino-uno/shell_commands.a(sc_sys.o)
 .debug_info    0x0000000000003d84       0x95 /home/mpiuser/RIOT/examples/M1T5/bin/arduino-uno/shell_commands.a(sc_ps.o)
 .debug_info    0x0000000000003e19      0x132 /home/mpiuser/RIOT/examples/M1T5/bin/arduino-uno/periph_common.a(pm.o)
 .debug_info    0x0000000000003f4b      0x59f /home/mpiuser/RIOT/examples/M1T5/bin/arduino-uno/atmega_common.a(cpu.o)
 .debug_info    0x00000000000044ea      0x20c /home/mpiuser/RIOT/examples/M1T5/bin/arduino-uno/atmega_common.a(irq_arch.o)
 .debug_info    0x00000000000046f6      0x6dd /home/mpiuser/RIOT/examples/M1T5/bin/arduino-uno/atmega_common.a(thread_arch.o)
 .debug_info    0x0000000000004dd3      0x161 /home/mpiuser/RIOT/examples/M1T5/bin/arduino-uno/atmega_common_periph.a(pm.o)
 .debug_info    0x0000000000004f34       0xd1 /home/mpiuser/RIOT/examples/M1T5/bin/arduino-uno/auto_init.a(auto_init.o)
 .debug_info    0x0000000000005005      0x434 /home/mpiuser/RIOT/examples/M1T5/bin/arduino-uno/avr_libc_extra.a(atmega_stdio.o)
 .debug_info    0x0000000000005439      0x270 /home/mpiuser/RIOT/examples/M1T5/bin/arduino-uno/boards_common_arduino-atmega.a(led_init.o)
 .debug_info    0x00000000000056a9      0x494 /home/mpiuser/RIOT/examples/M1T5/bin/arduino-uno/stdio_uart.a(stdio_uart.o)
 .debug_info    0x0000000000005b3d       0x40 /home/mpiuser/RIOT/examples/M1T5/bin/arduino-uno/periph_common.a(init.o)
 .debug_info    0x0000000000005b7d      0x5e2 /home/mpiuser/RIOT/examples/M1T5/bin/arduino-uno/atmega_common_periph.a(uart.o)
 .debug_info    0x000000000000615f      0x92f /home/mpiuser/RIOT/examples/M1T5/bin/arduino-uno/isrpipe.a(isrpipe.o)
 .debug_info    0x0000000000006a8e      0x3e0 /home/mpiuser/RIOT/examples/M1T5/bin/arduino-uno/tsrb.a(tsrb.o)
 .debug_info    0x0000000000006e6e      0x673 /home/mpiuser/RIOT/examples/M1T5/bin/arduino-uno/core.a(mutex.o)
 .debug_info    0x00000000000074e1       0xab /opt/arduino/hardware/tools/avr/bin/../lib/gcc/avr/5.4.0/avr5/libgcc.a(_udivmodsi4.o)
 .debug_info    0x000000000000758c       0xab /opt/arduino/hardware/tools/avr/bin/../lib/gcc/avr/5.4.0/avr5/libgcc.a(_exit.o)
 .debug_info    0x0000000000007637       0xab /opt/arduino/hardware/tools/avr/bin/../lib/gcc/avr/5.4.0/avr5/libgcc.a(_copy_data.o)
 .debug_info    0x00000000000076e2       0xab /opt/arduino/hardware/tools/avr/bin/../lib/gcc/avr/5.4.0/avr5/libgcc.a(_clear_bss.o)
 .debug_info    0x000000000000778d       0xab /opt/arduino/hardware/tools/avr/bin/../lib/gcc/avr/5.4.0/avr5/libgcc.a(_prologue.o)
 .debug_info    0x0000000000007838       0xab /opt/arduino/hardware/tools/avr/bin/../lib/gcc/avr/5.4.0/avr5/libgcc.a(_epilogue.o)

.debug_abbrev   0x0000000000000000     0x31ea
 *(.debug_abbrev)
 .debug_abbrev  0x0000000000000000      0x5a2 /opt/arduino/hardware/tools/avr/bin/../lib/gcc/avr/5.4.0/../../../../avr/lib/avr5/crtatmega328p.o
 .debug_abbrev  0x00000000000005a2      0x139 /home/mpiuser/RIOT/examples/M1T5/bin/arduino-uno/atmega_common/startup.o
 .debug_abbrev  0x00000000000006db      0x1c8 /home/mpiuser/RIOT/examples/M1T5/bin/arduino-uno/application_M1T5.a(main.o)
 .debug_abbrev  0x00000000000008a3      0x31a /home/mpiuser/RIOT/examples/M1T5/bin/arduino-uno/atmega_common_periph.a(gpio.o)
 .debug_abbrev  0x0000000000000bbd      0x162 /home/mpiuser/RIOT/examples/M1T5/bin/arduino-uno/boards_common_atmega.a(board.o)
 .debug_abbrev  0x0000000000000d1f      0x2a1 /home/mpiuser/RIOT/examples/M1T5/bin/arduino-uno/core.a(sched.o)
 .debug_abbrev  0x0000000000000fc0      0x18c /home/mpiuser/RIOT/examples/M1T5/bin/arduino-uno/core.a(kernel_init.o)
 .debug_abbrev  0x000000000000114c      0x2c1 /home/mpiuser/RIOT/examples/M1T5/bin/arduino-uno/core.a(thread.o)
 .debug_abbrev  0x000000000000140d      0x13e /home/mpiuser/RIOT/examples/M1T5/bin/arduino-uno/core.a(panic.o)
 .debug_abbrev  0x000000000000154b      0x196 /home/mpiuser/RIOT/examples/M1T5/bin/arduino-uno/ps.a(ps.o)
 .debug_abbrev  0x00000000000016e1      0x2b7 /home/mpiuser/RIOT/examples/M1T5/bin/arduino-uno/shell.a(shell.o)
 .debug_abbrev  0x0000000000001998       0x97 /home/mpiuser/RIOT/examples/M1T5/bin/arduino-uno/shell_commands.a(shell_commands.o)
 .debug_abbrev  0x0000000000001a2f       0xc9 /home/mpiuser/RIOT/examples/M1T5/bin/arduino-uno/shell_commands.a(sc_sys.o)
 .debug_abbrev  0x0000000000001af8       0x7e /home/mpiuser/RIOT/examples/M1T5/bin/arduino-uno/shell_commands.a(sc_ps.o)
 .debug_abbrev  0x0000000000001b76       0xca /home/mpiuser/RIOT/examples/M1T5/bin/arduino-uno/periph_common.a(pm.o)
 .debug_abbrev  0x0000000000001c40      0x215 /home/mpiuser/RIOT/examples/M1T5/bin/arduino-uno/atmega_common.a(cpu.o)
 .debug_abbrev  0x0000000000001e55      0x14e /home/mpiuser/RIOT/examples/M1T5/bin/arduino-uno/atmega_common.a(irq_arch.o)
 .debug_abbrev  0x0000000000001fa3      0x28a /home/mpiuser/RIOT/examples/M1T5/bin/arduino-uno/atmega_common.a(thread_arch.o)
 .debug_abbrev  0x000000000000222d       0xea /home/mpiuser/RIOT/examples/M1T5/bin/arduino-uno/atmega_common_periph.a(pm.o)
 .debug_abbrev  0x0000000000002317       0x90 /home/mpiuser/RIOT/examples/M1T5/bin/arduino-uno/auto_init.a(auto_init.o)
 .debug_abbrev  0x00000000000023a7      0x1f3 /home/mpiuser/RIOT/examples/M1T5/bin/arduino-uno/avr_libc_extra.a(atmega_stdio.o)
 .debug_abbrev  0x000000000000259a      0x128 /home/mpiuser/RIOT/examples/M1T5/bin/arduino-uno/boards_common_arduino-atmega.a(led_init.o)
 .debug_abbrev  0x00000000000026c2      0x1ce /home/mpiuser/RIOT/examples/M1T5/bin/arduino-uno/stdio_uart.a(stdio_uart.o)
 .debug_abbrev  0x0000000000002890       0x2f /home/mpiuser/RIOT/examples/M1T5/bin/arduino-uno/periph_common.a(init.o)
 .debug_abbrev  0x00000000000028bf      0x28c /home/mpiuser/RIOT/examples/M1T5/bin/arduino-uno/atmega_common_periph.a(uart.o)
 .debug_abbrev  0x0000000000002b4b      0x271 /home/mpiuser/RIOT/examples/M1T5/bin/arduino-uno/isrpipe.a(isrpipe.o)
 .debug_abbrev  0x0000000000002dbc      0x18d /home/mpiuser/RIOT/examples/M1T5/bin/arduino-uno/tsrb.a(tsrb.o)
 .debug_abbrev  0x0000000000002f49      0x229 /home/mpiuser/RIOT/examples/M1T5/bin/arduino-uno/core.a(mutex.o)
 .debug_abbrev  0x0000000000003172       0x14 /opt/arduino/hardware/tools/avr/bin/../lib/gcc/avr/5.4.0/avr5/libgcc.a(_udivmodsi4.o)
 .debug_abbrev  0x0000000000003186       0x14 /opt/arduino/hardware/tools/avr/bin/../lib/gcc/avr/5.4.0/avr5/libgcc.a(_exit.o)
 .debug_abbrev  0x000000000000319a       0x14 /opt/arduino/hardware/tools/avr/bin/../lib/gcc/avr/5.4.0/avr5/libgcc.a(_copy_data.o)
 .debug_abbrev  0x00000000000031ae       0x14 /opt/arduino/hardware/tools/avr/bin/../lib/gcc/avr/5.4.0/avr5/libgcc.a(_clear_bss.o)
 .debug_abbrev  0x00000000000031c2       0x14 /opt/arduino/hardware/tools/avr/bin/../lib/gcc/avr/5.4.0/avr5/libgcc.a(_prologue.o)
 .debug_abbrev  0x00000000000031d6       0x14 /opt/arduino/hardware/tools/avr/bin/../lib/gcc/avr/5.4.0/avr5/libgcc.a(_epilogue.o)

.debug_line     0x0000000000000000     0x8c04
 *(.debug_line .debug_line.* .debug_line_end)
 .debug_line    0x0000000000000000       0x1a /opt/arduino/hardware/tools/avr/bin/../lib/gcc/avr/5.4.0/../../../../avr/lib/avr5/crtatmega328p.o
 .debug_line    0x000000000000001a      0x5d5 /home/mpiuser/RIOT/examples/M1T5/bin/arduino-uno/atmega_common/startup.o
 .debug_line    0x00000000000005ef      0x5f2 /home/mpiuser/RIOT/examples/M1T5/bin/arduino-uno/application_M1T5.a(main.o)
 .debug_line    0x0000000000000be1      0x7b5 /home/mpiuser/RIOT/examples/M1T5/bin/arduino-uno/atmega_common_periph.a(gpio.o)
 .debug_line    0x0000000000001396      0x5bc /home/mpiuser/RIOT/examples/M1T5/bin/arduino-uno/boards_common_atmega.a(board.o)
 .debug_line    0x0000000000001952      0x56d /home/mpiuser/RIOT/examples/M1T5/bin/arduino-uno/core.a(sched.o)
 .debug_line    0x0000000000001ebf      0x545 /home/mpiuser/RIOT/examples/M1T5/bin/arduino-uno/core.a(kernel_init.o)
 .debug_line    0x0000000000002404      0x6c5 /home/mpiuser/RIOT/examples/M1T5/bin/arduino-uno/core.a(thread.o)
 .debug_line    0x0000000000002ac9      0x534 /home/mpiuser/RIOT/examples/M1T5/bin/arduino-uno/core.a(panic.o)
 .debug_line    0x0000000000002ffd      0x44b /home/mpiuser/RIOT/examples/M1T5/bin/arduino-uno/ps.a(ps.o)
 .debug_line    0x0000000000003448      0x44d /home/mpiuser/RIOT/examples/M1T5/bin/arduino-uno/shell.a(shell.o)
 .debug_line    0x0000000000003895      0x1a6 /home/mpiuser/RIOT/examples/M1T5/bin/arduino-uno/shell_commands.a(shell_commands.o)
 .debug_line    0x0000000000003a3b      0x49b /home/mpiuser/RIOT/examples/M1T5/bin/arduino-uno/shell_commands.a(sc_sys.o)
 .debug_line    0x0000000000003ed6       0xd8 /home/mpiuser/RIOT/examples/M1T5/bin/arduino-uno/shell_commands.a(sc_ps.o)
 .debug_line    0x0000000000003fae      0x4af /home/mpiuser/RIOT/examples/M1T5/bin/arduino-uno/periph_common.a(pm.o)
 .debug_line    0x000000000000445d      0x631 /home/mpiuser/RIOT/examples/M1T5/bin/arduino-uno/atmega_common.a(cpu.o)
 .debug_line    0x0000000000004a8e      0x488 /home/mpiuser/RIOT/examples/M1T5/bin/arduino-uno/atmega_common.a(irq_arch.o)
 .debug_line    0x0000000000004f16      0x719 /home/mpiuser/RIOT/examples/M1T5/bin/arduino-uno/atmega_common.a(thread_arch.o)
 .debug_line    0x000000000000562f      0x4b5 /home/mpiuser/RIOT/examples/M1T5/bin/arduino-uno/atmega_common_periph.a(pm.o)
 .debug_line    0x0000000000005ae4      0x423 /home/mpiuser/RIOT/examples/M1T5/bin/arduino-uno/auto_init.a(auto_init.o)
 .debug_line    0x0000000000005f07      0x646 /home/mpiuser/RIOT/examples/M1T5/bin/arduino-uno/avr_libc_extra.a(atmega_stdio.o)
 .debug_line    0x000000000000654d      0x5a9 /home/mpiuser/RIOT/examples/M1T5/bin/arduino-uno/boards_common_arduino-atmega.a(led_init.o)
 .debug_line    0x0000000000006af6      0x662 /home/mpiuser/RIOT/examples/M1T5/bin/arduino-uno/stdio_uart.a(stdio_uart.o)
 .debug_line    0x0000000000007158       0xa7 /home/mpiuser/RIOT/examples/M1T5/bin/arduino-uno/periph_common.a(init.o)
 .debug_line    0x00000000000071ff      0x62a /home/mpiuser/RIOT/examples/M1T5/bin/arduino-uno/atmega_common_periph.a(uart.o)
 .debug_line    0x0000000000007829      0x785 /home/mpiuser/RIOT/examples/M1T5/bin/arduino-uno/isrpipe.a(isrpipe.o)
 .debug_line    0x0000000000007fae      0x28b /home/mpiuser/RIOT/examples/M1T5/bin/arduino-uno/tsrb.a(tsrb.o)
 .debug_line    0x0000000000008239      0x533 /home/mpiuser/RIOT/examples/M1T5/bin/arduino-uno/core.a(mutex.o)
 .debug_line    0x000000000000876c      0x122 /opt/arduino/hardware/tools/avr/bin/../lib/gcc/avr/5.4.0/avr5/libgcc.a(_udivmodsi4.o)
 .debug_line    0x000000000000888e       0x62 /opt/arduino/hardware/tools/avr/bin/../lib/gcc/avr/5.4.0/avr5/libgcc.a(_exit.o)
 .debug_line    0x00000000000088f0       0x98 /opt/arduino/hardware/tools/avr/bin/../lib/gcc/avr/5.4.0/avr5/libgcc.a(_copy_data.o)
 .debug_line    0x0000000000008988       0x86 /opt/arduino/hardware/tools/avr/bin/../lib/gcc/avr/5.4.0/avr5/libgcc.a(_clear_bss.o)
 .debug_line    0x0000000000008a0e       0xfe /opt/arduino/hardware/tools/avr/bin/../lib/gcc/avr/5.4.0/avr5/libgcc.a(_prologue.o)
 .debug_line    0x0000000000008b0c       0xf8 /opt/arduino/hardware/tools/avr/bin/../lib/gcc/avr/5.4.0/avr5/libgcc.a(_epilogue.o)

.debug_frame    0x0000000000000000      0xc88
 *(.debug_frame)
 .debug_frame   0x0000000000000000       0x44 /home/mpiuser/RIOT/examples/M1T5/bin/arduino-uno/atmega_common/startup.o
 .debug_frame   0x0000000000000044       0x50 /home/mpiuser/RIOT/examples/M1T5/bin/arduino-uno/application_M1T5.a(main.o)
 .debug_frame   0x0000000000000094      0x1a4 /home/mpiuser/RIOT/examples/M1T5/bin/arduino-uno/atmega_common_periph.a(gpio.o)
 .debug_frame   0x0000000000000238       0x24 /home/mpiuser/RIOT/examples/M1T5/bin/arduino-uno/boards_common_atmega.a(board.o)
 .debug_frame   0x000000000000025c       0x68 /home/mpiuser/RIOT/examples/M1T5/bin/arduino-uno/core.a(sched.o)
 .debug_frame   0x00000000000002c4       0x50 /home/mpiuser/RIOT/examples/M1T5/bin/arduino-uno/core.a(kernel_init.o)
 .debug_frame   0x0000000000000314      0x124 /home/mpiuser/RIOT/examples/M1T5/bin/arduino-uno/core.a(thread.o)
 .debug_frame   0x0000000000000438       0x60 /home/mpiuser/RIOT/examples/M1T5/bin/arduino-uno/core.a(panic.o)
 .debug_frame   0x0000000000000498       0x80 /home/mpiuser/RIOT/examples/M1T5/bin/arduino-uno/ps.a(ps.o)
 .debug_frame   0x0000000000000518       0xa0 /home/mpiuser/RIOT/examples/M1T5/bin/arduino-uno/shell.a(shell.o)
 .debug_frame   0x00000000000005b8       0x24 /home/mpiuser/RIOT/examples/M1T5/bin/arduino-uno/shell_commands.a(sc_sys.o)
 .debug_frame   0x00000000000005dc       0x24 /home/mpiuser/RIOT/examples/M1T5/bin/arduino-uno/shell_commands.a(sc_ps.o)
 .debug_frame   0x0000000000000600       0x34 /home/mpiuser/RIOT/examples/M1T5/bin/arduino-uno/periph_common.a(pm.o)
 .debug_frame   0x0000000000000634       0x60 /home/mpiuser/RIOT/examples/M1T5/bin/arduino-uno/atmega_common.a(cpu.o)
 .debug_frame   0x0000000000000694       0x60 /home/mpiuser/RIOT/examples/M1T5/bin/arduino-uno/atmega_common.a(irq_arch.o)
 .debug_frame   0x00000000000006f4       0xcc /home/mpiuser/RIOT/examples/M1T5/bin/arduino-uno/atmega_common.a(thread_arch.o)
 .debug_frame   0x00000000000007c0       0x24 /home/mpiuser/RIOT/examples/M1T5/bin/arduino-uno/atmega_common_periph.a(pm.o)
 .debug_frame   0x00000000000007e4       0x24 /home/mpiuser/RIOT/examples/M1T5/bin/arduino-uno/auto_init.a(auto_init.o)
 .debug_frame   0x0000000000000808       0x64 /home/mpiuser/RIOT/examples/M1T5/bin/arduino-uno/avr_libc_extra.a(atmega_stdio.o)
 .debug_frame   0x000000000000086c       0x24 /home/mpiuser/RIOT/examples/M1T5/bin/arduino-uno/boards_common_arduino-atmega.a(led_init.o)
 .debug_frame   0x0000000000000890       0x5c /home/mpiuser/RIOT/examples/M1T5/bin/arduino-uno/stdio_uart.a(stdio_uart.o)
 .debug_frame   0x00000000000008ec       0x24 /home/mpiuser/RIOT/examples/M1T5/bin/arduino-uno/periph_common.a(init.o)
 .debug_frame   0x0000000000000910       0xc0 /home/mpiuser/RIOT/examples/M1T5/bin/arduino-uno/atmega_common_periph.a(uart.o)
 .debug_frame   0x00000000000009d0      0x144 /home/mpiuser/RIOT/examples/M1T5/bin/arduino-uno/isrpipe.a(isrpipe.o)
 .debug_frame   0x0000000000000b14       0xdc /home/mpiuser/RIOT/examples/M1T5/bin/arduino-uno/tsrb.a(tsrb.o)
 .debug_frame   0x0000000000000bf0       0x98 /home/mpiuser/RIOT/examples/M1T5/bin/arduino-uno/core.a(mutex.o)

.debug_str      0x0000000000000000     0xd1cb
 *(.debug_str)
 .debug_str     0x0000000000000000      0x208 /opt/arduino/hardware/tools/avr/bin/../lib/gcc/avr/5.4.0/../../../../avr/lib/avr5/crtatmega328p.o
 .debug_str     0x0000000000000208     0x914f /home/mpiuser/RIOT/examples/M1T5/bin/arduino-uno/atmega_common/startup.o
                                       0x934a (size before relaxing)
 .debug_str     0x0000000000009357      0x35e /home/mpiuser/RIOT/examples/M1T5/bin/arduino-uno/application_M1T5.a(main.o)
                                       0x9014 (size before relaxing)
 .debug_str     0x00000000000096b5      0x21f /home/mpiuser/RIOT/examples/M1T5/bin/arduino-uno/atmega_common_periph.a(gpio.o)
                                       0x8fb5 (size before relaxing)
 .debug_str     0x00000000000098d4      0x1b3 /home/mpiuser/RIOT/examples/M1T5/bin/arduino-uno/boards_common_atmega.a(board.o)
                                       0x9477 (size before relaxing)
 .debug_str     0x0000000000009a87      0x64c /home/mpiuser/RIOT/examples/M1T5/bin/arduino-uno/core.a(sched.o)
                                       0x8acf (size before relaxing)
 .debug_str     0x000000000000a0d3      0x57f /home/mpiuser/RIOT/examples/M1T5/bin/arduino-uno/core.a(kernel_init.o)
                                       0x9275 (size before relaxing)
 .debug_str     0x000000000000a652      0x214 /home/mpiuser/RIOT/examples/M1T5/bin/arduino-uno/core.a(thread.o)
                                       0x8e6c (size before relaxing)
 .debug_str     0x000000000000a866       0xa9 /home/mpiuser/RIOT/examples/M1T5/bin/arduino-uno/core.a(panic.o)
                                       0x8ea6 (size before relaxing)
 .debug_str     0x000000000000a90f       0x9a /home/mpiuser/RIOT/examples/M1T5/bin/arduino-uno/ps.a(ps.o)
                                       0x86bc (size before relaxing)
 .debug_str     0x000000000000a9a9      0x3d3 /home/mpiuser/RIOT/examples/M1T5/bin/arduino-uno/shell.a(shell.o)
                                       0x4aa3 (size before relaxing)
 .debug_str     0x000000000000ad7c       0x94 /home/mpiuser/RIOT/examples/M1T5/bin/arduino-uno/shell_commands.a(shell_commands.o)
                                       0x3cc2 (size before relaxing)
 .debug_str     0x000000000000ae10       0x96 /home/mpiuser/RIOT/examples/M1T5/bin/arduino-uno/shell_commands.a(sc_sys.o)
                                       0x8ac6 (size before relaxing)
 .debug_str     0x000000000000aea6       0x85 /home/mpiuser/RIOT/examples/M1T5/bin/arduino-uno/shell_commands.a(sc_ps.o)
                                       0x2ddf (size before relaxing)
 .debug_str     0x000000000000af2b       0x7d /home/mpiuser/RIOT/examples/M1T5/bin/arduino-uno/periph_common.a(pm.o)
                                       0x8c0f (size before relaxing)
 .debug_str     0x000000000000afa8     0x138a /home/mpiuser/RIOT/examples/M1T5/bin/arduino-uno/atmega_common.a(cpu.o)
                                       0xaa55 (size before relaxing)
 .debug_str     0x000000000000c332       0xb1 /home/mpiuser/RIOT/examples/M1T5/bin/arduino-uno/atmega_common.a(irq_arch.o)
                                       0x88e1 (size before relaxing)
 .debug_str     0x000000000000c3e3      0x101 /home/mpiuser/RIOT/examples/M1T5/bin/arduino-uno/atmega_common.a(thread_arch.o)
                                       0x9636 (size before relaxing)
 .debug_str     0x000000000000c4e4       0x6f /home/mpiuser/RIOT/examples/M1T5/bin/arduino-uno/atmega_common_periph.a(pm.o)
                                       0x8bbd (size before relaxing)
 .debug_str     0x000000000000c553       0x7b /home/mpiuser/RIOT/examples/M1T5/bin/arduino-uno/auto_init.a(auto_init.o)
                                       0x85cb (size before relaxing)
 .debug_str     0x000000000000c5ce      0x1a9 /home/mpiuser/RIOT/examples/M1T5/bin/arduino-uno/avr_libc_extra.a(atmega_stdio.o)
                                       0x9483 (size before relaxing)
 .debug_str     0x000000000000c777       0x96 /home/mpiuser/RIOT/examples/M1T5/bin/arduino-uno/boards_common_arduino-atmega.a(led_init.o)
                                       0x9377 (size before relaxing)
 .debug_str     0x000000000000c80d      0x255 /home/mpiuser/RIOT/examples/M1T5/bin/arduino-uno/stdio_uart.a(stdio_uart.o)
                                       0x972c (size before relaxing)
 .debug_str     0x000000000000ca62       0x7c /home/mpiuser/RIOT/examples/M1T5/bin/arduino-uno/periph_common.a(init.o)
                                       0x2dcd (size before relaxing)
 .debug_str     0x000000000000cade      0x15b /home/mpiuser/RIOT/examples/M1T5/bin/arduino-uno/atmega_common_periph.a(uart.o)
                                       0x8ec7 (size before relaxing)
 .debug_str     0x000000000000cc39      0x448 /home/mpiuser/RIOT/examples/M1T5/bin/arduino-uno/isrpipe.a(isrpipe.o)
                                       0x9d60 (size before relaxing)
 .debug_str     0x000000000000d081       0xa2 /home/mpiuser/RIOT/examples/M1T5/bin/arduino-uno/tsrb.a(tsrb.o)
                                       0x3400 (size before relaxing)
 .debug_str     0x000000000000d123       0xa8 /home/mpiuser/RIOT/examples/M1T5/bin/arduino-uno/core.a(mutex.o)
                                       0x88ff (size before relaxing)

.debug_loc      0x0000000000000000     0x3643
 *(.debug_loc)
 .debug_loc     0x0000000000000000       0xe4 /home/mpiuser/RIOT/examples/M1T5/bin/arduino-uno/application_M1T5.a(main.o)
 .debug_loc     0x00000000000000e4      0x785 /home/mpiuser/RIOT/examples/M1T5/bin/arduino-uno/atmega_common_periph.a(gpio.o)
 .debug_loc     0x0000000000000869       0x14 /home/mpiuser/RIOT/examples/M1T5/bin/arduino-uno/boards_common_atmega.a(board.o)
 .debug_loc     0x000000000000087d      0x27d /home/mpiuser/RIOT/examples/M1T5/bin/arduino-uno/core.a(sched.o)
 .debug_loc     0x0000000000000afa       0x62 /home/mpiuser/RIOT/examples/M1T5/bin/arduino-uno/core.a(kernel_init.o)
 .debug_loc     0x0000000000000b5c      0x854 /home/mpiuser/RIOT/examples/M1T5/bin/arduino-uno/core.a(thread.o)
 .debug_loc     0x00000000000013b0       0xcb /home/mpiuser/RIOT/examples/M1T5/bin/arduino-uno/core.a(panic.o)
 .debug_loc     0x000000000000147b      0x1c2 /home/mpiuser/RIOT/examples/M1T5/bin/arduino-uno/ps.a(ps.o)
 .debug_loc     0x000000000000163d      0x5d2 /home/mpiuser/RIOT/examples/M1T5/bin/arduino-uno/shell.a(shell.o)
 .debug_loc     0x0000000000001c0f       0x4c /home/mpiuser/RIOT/examples/M1T5/bin/arduino-uno/shell_commands.a(sc_sys.o)
 .debug_loc     0x0000000000001c5b       0x4c /home/mpiuser/RIOT/examples/M1T5/bin/arduino-uno/shell_commands.a(sc_ps.o)
 .debug_loc     0x0000000000001ca7       0x2f /home/mpiuser/RIOT/examples/M1T5/bin/arduino-uno/atmega_common.a(cpu.o)
 .debug_loc     0x0000000000001cd6       0x42 /home/mpiuser/RIOT/examples/M1T5/bin/arduino-uno/atmega_common.a(irq_arch.o)
 .debug_loc     0x0000000000001d18      0x395 /home/mpiuser/RIOT/examples/M1T5/bin/arduino-uno/atmega_common.a(thread_arch.o)
 .debug_loc     0x00000000000020ad      0x108 /home/mpiuser/RIOT/examples/M1T5/bin/arduino-uno/avr_libc_extra.a(atmega_stdio.o)
 .debug_loc     0x00000000000021b5      0x148 /home/mpiuser/RIOT/examples/M1T5/bin/arduino-uno/stdio_uart.a(stdio_uart.o)
 .debug_loc     0x00000000000022fd      0x2d7 /home/mpiuser/RIOT/examples/M1T5/bin/arduino-uno/atmega_common_periph.a(uart.o)
 .debug_loc     0x00000000000025d4      0x821 /home/mpiuser/RIOT/examples/M1T5/bin/arduino-uno/isrpipe.a(isrpipe.o)
 .debug_loc     0x0000000000002df5      0x4c9 /home/mpiuser/RIOT/examples/M1T5/bin/arduino-uno/tsrb.a(tsrb.o)
 .debug_loc     0x00000000000032be      0x385 /home/mpiuser/RIOT/examples/M1T5/bin/arduino-uno/core.a(mutex.o)

.debug_macinfo
 *(.debug_macinfo)

.debug_weaknames
 *(.debug_weaknames)

.debug_funcnames
 *(.debug_funcnames)

.debug_typenames
 *(.debug_typenames)

.debug_varnames
 *(.debug_varnames)

.debug_pubtypes
 *(.debug_pubtypes)

.debug_ranges   0x0000000000000000      0x3d0
 *(.debug_ranges)
 .debug_ranges  0x0000000000000000       0x20 /home/mpiuser/RIOT/examples/M1T5/bin/arduino-uno/atmega_common/startup.o
 .debug_ranges  0x0000000000000020       0x18 /home/mpiuser/RIOT/examples/M1T5/bin/arduino-uno/application_M1T5.a(main.o)
 .debug_ranges  0x0000000000000038       0x70 /home/mpiuser/RIOT/examples/M1T5/bin/arduino-uno/atmega_common_periph.a(gpio.o)
 .debug_ranges  0x00000000000000a8       0x10 /home/mpiuser/RIOT/examples/M1T5/bin/arduino-uno/boards_common_atmega.a(board.o)
 .debug_ranges  0x00000000000000b8       0x28 /home/mpiuser/RIOT/examples/M1T5/bin/arduino-uno/core.a(sched.o)
 .debug_ranges  0x00000000000000e0       0x20 /home/mpiuser/RIOT/examples/M1T5/bin/arduino-uno/core.a(kernel_init.o)
 .debug_ranges  0x0000000000000100       0x50 /home/mpiuser/RIOT/examples/M1T5/bin/arduino-uno/core.a(thread.o)
 .debug_ranges  0x0000000000000150       0x18 /home/mpiuser/RIOT/examples/M1T5/bin/arduino-uno/core.a(panic.o)
 .debug_ranges  0x0000000000000168       0x28 /home/mpiuser/RIOT/examples/M1T5/bin/arduino-uno/ps.a(ps.o)
 .debug_ranges  0x0000000000000190       0x48 /home/mpiuser/RIOT/examples/M1T5/bin/arduino-uno/shell.a(shell.o)
 .debug_ranges  0x00000000000001d8       0x10 /home/mpiuser/RIOT/examples/M1T5/bin/arduino-uno/shell_commands.a(sc_sys.o)
 .debug_ranges  0x00000000000001e8       0x10 /home/mpiuser/RIOT/examples/M1T5/bin/arduino-uno/shell_commands.a(sc_ps.o)
 .debug_ranges  0x00000000000001f8       0x18 /home/mpiuser/RIOT/examples/M1T5/bin/arduino-uno/periph_common.a(pm.o)
 .debug_ranges  0x0000000000000210       0x28 /home/mpiuser/RIOT/examples/M1T5/bin/arduino-uno/atmega_common.a(cpu.o)
 .debug_ranges  0x0000000000000238       0x28 /home/mpiuser/RIOT/examples/M1T5/bin/arduino-uno/atmega_common.a(irq_arch.o)
 .debug_ranges  0x0000000000000260       0x38 /home/mpiuser/RIOT/examples/M1T5/bin/arduino-uno/atmega_common.a(thread_arch.o)
 .debug_ranges  0x0000000000000298       0x10 /home/mpiuser/RIOT/examples/M1T5/bin/arduino-uno/atmega_common_periph.a(pm.o)
 .debug_ranges  0x00000000000002a8       0x10 /home/mpiuser/RIOT/examples/M1T5/bin/arduino-uno/auto_init.a(auto_init.o)
 .debug_ranges  0x00000000000002b8       0x20 /home/mpiuser/RIOT/examples/M1T5/bin/arduino-uno/avr_libc_extra.a(atmega_stdio.o)
 .debug_ranges  0x00000000000002d8       0x10 /home/mpiuser/RIOT/examples/M1T5/bin/arduino-uno/boards_common_arduino-atmega.a(led_init.o)
 .debug_ranges  0x00000000000002e8       0x20 /home/mpiuser/RIOT/examples/M1T5/bin/arduino-uno/stdio_uart.a(stdio_uart.o)
 .debug_ranges  0x0000000000000308       0x10 /home/mpiuser/RIOT/examples/M1T5/bin/arduino-uno/periph_common.a(init.o)
 .debug_ranges  0x0000000000000318       0x28 /home/mpiuser/RIOT/examples/M1T5/bin/arduino-uno/atmega_common_periph.a(uart.o)
 .debug_ranges  0x0000000000000340       0x38 /home/mpiuser/RIOT/examples/M1T5/bin/arduino-uno/isrpipe.a(isrpipe.o)
 .debug_ranges  0x0000000000000378       0x38 /home/mpiuser/RIOT/examples/M1T5/bin/arduino-uno/tsrb.a(tsrb.o)
 .debug_ranges  0x00000000000003b0       0x20 /home/mpiuser/RIOT/examples/M1T5/bin/arduino-uno/core.a(mutex.o)

.debug_macro    0x0000000000000000    0x17f45
 *(.debug_macro)
 .debug_macro   0x0000000000000000      0x260 /home/mpiuser/RIOT/examples/M1T5/bin/arduino-uno/atmega_common/startup.o
 .debug_macro   0x0000000000000260      0xa42 /home/mpiuser/RIOT/examples/M1T5/bin/arduino-uno/atmega_common/startup.o
 .debug_macro   0x0000000000000ca2       0xb8 /home/mpiuser/RIOT/examples/M1T5/bin/arduino-uno/atmega_common/startup.o
 .debug_macro   0x0000000000000d5a      0x1c9 /home/mpiuser/RIOT/examples/M1T5/bin/arduino-uno/atmega_common/startup.o
 .debug_macro   0x0000000000000f23       0x10 /home/mpiuser/RIOT/examples/M1T5/bin/arduino-uno/atmega_common/startup.o
 .debug_macro   0x0000000000000f33      0x302 /home/mpiuser/RIOT/examples/M1T5/bin/arduino-uno/atmega_common/startup.o
 .debug_macro   0x0000000000001235       0x1c /home/mpiuser/RIOT/examples/M1T5/bin/arduino-uno/atmega_common/startup.o
 .debug_macro   0x0000000000001251       0x9e /home/mpiuser/RIOT/examples/M1T5/bin/arduino-uno/atmega_common/startup.o
 .debug_macro   0x00000000000012ef     0x1410 /home/mpiuser/RIOT/examples/M1T5/bin/arduino-uno/atmega_common/startup.o
 .debug_macro   0x00000000000026ff      0x13a /home/mpiuser/RIOT/examples/M1T5/bin/arduino-uno/atmega_common/startup.o
 .debug_macro   0x0000000000002839       0xbd /home/mpiuser/RIOT/examples/M1T5/bin/arduino-uno/atmega_common/startup.o
 .debug_macro   0x00000000000028f6       0x34 /home/mpiuser/RIOT/examples/M1T5/bin/arduino-uno/atmega_common/startup.o
 .debug_macro   0x000000000000292a       0x18 /home/mpiuser/RIOT/examples/M1T5/bin/arduino-uno/atmega_common/startup.o
 .debug_macro   0x0000000000002942       0x6c /home/mpiuser/RIOT/examples/M1T5/bin/arduino-uno/atmega_common/startup.o
 .debug_macro   0x00000000000029ae       0x63 /home/mpiuser/RIOT/examples/M1T5/bin/arduino-uno/atmega_common/startup.o
 .debug_macro   0x0000000000002a11       0x58 /home/mpiuser/RIOT/examples/M1T5/bin/arduino-uno/atmega_common/startup.o
 .debug_macro   0x0000000000002a69       0x10 /home/mpiuser/RIOT/examples/M1T5/bin/arduino-uno/atmega_common/startup.o
 .debug_macro   0x0000000000002a79       0x97 /home/mpiuser/RIOT/examples/M1T5/bin/arduino-uno/atmega_common/startup.o
 .debug_macro   0x0000000000002b10       0xf2 /home/mpiuser/RIOT/examples/M1T5/bin/arduino-uno/atmega_common/startup.o
 .debug_macro   0x0000000000002c02       0x81 /home/mpiuser/RIOT/examples/M1T5/bin/arduino-uno/atmega_common/startup.o
 .debug_macro   0x0000000000002c83       0x40 /home/mpiuser/RIOT/examples/M1T5/bin/arduino-uno/atmega_common/startup.o
 .debug_macro   0x0000000000002cc3       0x1c /home/mpiuser/RIOT/examples/M1T5/bin/arduino-uno/atmega_common/startup.o
 .debug_macro   0x0000000000002cdf       0xf6 /home/mpiuser/RIOT/examples/M1T5/bin/arduino-uno/atmega_common/startup.o
 .debug_macro   0x0000000000002dd5       0x2f /home/mpiuser/RIOT/examples/M1T5/bin/arduino-uno/atmega_common/startup.o
 .debug_macro   0x0000000000002e04       0xd6 /home/mpiuser/RIOT/examples/M1T5/bin/arduino-uno/atmega_common/startup.o
 .debug_macro   0x0000000000002eda       0xe8 /home/mpiuser/RIOT/examples/M1T5/bin/arduino-uno/atmega_common/startup.o
 .debug_macro   0x0000000000002fc2       0x28 /home/mpiuser/RIOT/examples/M1T5/bin/arduino-uno/atmega_common/startup.o
 .debug_macro   0x0000000000002fea       0x17 /home/mpiuser/RIOT/examples/M1T5/bin/arduino-uno/atmega_common/startup.o
 .debug_macro   0x0000000000003001       0x10 /home/mpiuser/RIOT/examples/M1T5/bin/arduino-uno/atmega_common/startup.o
 .debug_macro   0x0000000000003011       0x22 /home/mpiuser/RIOT/examples/M1T5/bin/arduino-uno/atmega_common/startup.o
 .debug_macro   0x0000000000003033       0x5f /home/mpiuser/RIOT/examples/M1T5/bin/arduino-uno/atmega_common/startup.o
 .debug_macro   0x0000000000003092       0x1c /home/mpiuser/RIOT/examples/M1T5/bin/arduino-uno/atmega_common/startup.o
 .debug_macro   0x00000000000030ae       0x53 /home/mpiuser/RIOT/examples/M1T5/bin/arduino-uno/atmega_common/startup.o
 .debug_macro   0x0000000000003101       0x22 /home/mpiuser/RIOT/examples/M1T5/bin/arduino-uno/atmega_common/startup.o
 .debug_macro   0x0000000000003123       0x84 /home/mpiuser/RIOT/examples/M1T5/bin/arduino-uno/atmega_common/startup.o
 .debug_macro   0x00000000000031a7       0x16 /home/mpiuser/RIOT/examples/M1T5/bin/arduino-uno/atmega_common/startup.o
 .debug_macro   0x00000000000031bd       0xd8 /home/mpiuser/RIOT/examples/M1T5/bin/arduino-uno/atmega_common/startup.o
 .debug_macro   0x0000000000003295       0x52 /home/mpiuser/RIOT/examples/M1T5/bin/arduino-uno/atmega_common/startup.o
 .debug_macro   0x00000000000032e7      0x257 /home/mpiuser/RIOT/examples/M1T5/bin/arduino-uno/application_M1T5.a(main.o)
 .debug_macro   0x000000000000353e      0xa42 /home/mpiuser/RIOT/examples/M1T5/bin/arduino-uno/application_M1T5.a(main.o)
 .debug_macro   0x0000000000003f80      0x2fc /home/mpiuser/RIOT/examples/M1T5/bin/arduino-uno/application_M1T5.a(main.o)
 .debug_macro   0x000000000000427c       0x16 /home/mpiuser/RIOT/examples/M1T5/bin/arduino-uno/application_M1T5.a(main.o)
 .debug_macro   0x0000000000004292       0x20 /home/mpiuser/RIOT/examples/M1T5/bin/arduino-uno/application_M1T5.a(main.o)
 .debug_macro   0x00000000000042b2       0x16 /home/mpiuser/RIOT/examples/M1T5/bin/arduino-uno/application_M1T5.a(main.o)
 .debug_macro   0x00000000000042c8       0xaa /home/mpiuser/RIOT/examples/M1T5/bin/arduino-uno/application_M1T5.a(main.o)
 .debug_macro   0x0000000000004372      0x24e /home/mpiuser/RIOT/examples/M1T5/bin/arduino-uno/atmega_common_periph.a(gpio.o)
 .debug_macro   0x00000000000045c0      0xa42 /home/mpiuser/RIOT/examples/M1T5/bin/arduino-uno/atmega_common_periph.a(gpio.o)
 .debug_macro   0x0000000000005002      0x261 /home/mpiuser/RIOT/examples/M1T5/bin/arduino-uno/boards_common_atmega.a(board.o)
 .debug_macro   0x0000000000005263      0xa42 /home/mpiuser/RIOT/examples/M1T5/bin/arduino-uno/boards_common_atmega.a(board.o)
 .debug_macro   0x0000000000005ca5      0x1fa /home/mpiuser/RIOT/examples/M1T5/bin/arduino-uno/core.a(sched.o)
 .debug_macro   0x0000000000005e9f      0xa42 /home/mpiuser/RIOT/examples/M1T5/bin/arduino-uno/core.a(sched.o)
 .debug_macro   0x00000000000068e1      0x16d /home/mpiuser/RIOT/examples/M1T5/bin/arduino-uno/core.a(sched.o)
 .debug_macro   0x0000000000006a4e       0x12 /home/mpiuser/RIOT/examples/M1T5/bin/arduino-uno/core.a(sched.o)
 .debug_macro   0x0000000000006a60       0x2e /home/mpiuser/RIOT/examples/M1T5/bin/arduino-uno/core.a(sched.o)
 .debug_macro   0x0000000000006a8e       0x35 /home/mpiuser/RIOT/examples/M1T5/bin/arduino-uno/core.a(sched.o)
 .debug_macro   0x0000000000006ac3       0x1c /home/mpiuser/RIOT/examples/M1T5/bin/arduino-uno/core.a(sched.o)
 .debug_macro   0x0000000000006adf      0x250 /home/mpiuser/RIOT/examples/M1T5/bin/arduino-uno/core.a(kernel_init.o)
 .debug_macro   0x0000000000006d2f      0xa42 /home/mpiuser/RIOT/examples/M1T5/bin/arduino-uno/core.a(kernel_init.o)
 .debug_macro   0x0000000000007771      0x207 /home/mpiuser/RIOT/examples/M1T5/bin/arduino-uno/core.a(kernel_init.o)
 .debug_macro   0x0000000000007978       0xdc /home/mpiuser/RIOT/examples/M1T5/bin/arduino-uno/core.a(kernel_init.o)
 .debug_macro   0x0000000000007a54       0x69 /home/mpiuser/RIOT/examples/M1T5/bin/arduino-uno/core.a(kernel_init.o)
 .debug_macro   0x0000000000007abd      0x1f4 /home/mpiuser/RIOT/examples/M1T5/bin/arduino-uno/core.a(thread.o)
 .debug_macro   0x0000000000007cb1      0xa42 /home/mpiuser/RIOT/examples/M1T5/bin/arduino-uno/core.a(thread.o)
 .debug_macro   0x00000000000086f3      0x253 /home/mpiuser/RIOT/examples/M1T5/bin/arduino-uno/core.a(panic.o)
 .debug_macro   0x0000000000008946      0xa42 /home/mpiuser/RIOT/examples/M1T5/bin/arduino-uno/core.a(panic.o)
 .debug_macro   0x0000000000009388       0x34 /home/mpiuser/RIOT/examples/M1T5/bin/arduino-uno/core.a(panic.o)
 .debug_macro   0x00000000000093bc      0x1c4 /home/mpiuser/RIOT/examples/M1T5/bin/arduino-uno/ps.a(ps.o)
 .debug_macro   0x0000000000009580      0xa42 /home/mpiuser/RIOT/examples/M1T5/bin/arduino-uno/ps.a(ps.o)
 .debug_macro   0x0000000000009fc2       0xe0 /home/mpiuser/RIOT/examples/M1T5/bin/arduino-uno/shell.a(shell.o)
 .debug_macro   0x000000000000a0a2      0xa42 /home/mpiuser/RIOT/examples/M1T5/bin/arduino-uno/shell.a(shell.o)
 .debug_macro   0x000000000000aae4       0x1c /home/mpiuser/RIOT/examples/M1T5/bin/arduino-uno/shell.a(shell.o)
 .debug_macro   0x000000000000ab00       0x97 /home/mpiuser/RIOT/examples/M1T5/bin/arduino-uno/shell.a(shell.o)
 .debug_macro   0x000000000000ab97       0x5a /home/mpiuser/RIOT/examples/M1T5/bin/arduino-uno/shell.a(shell.o)
 .debug_macro   0x000000000000abf1       0x86 /home/mpiuser/RIOT/examples/M1T5/bin/arduino-uno/shell.a(shell.o)
 .debug_macro   0x000000000000ac77       0x22 /home/mpiuser/RIOT/examples/M1T5/bin/arduino-uno/shell.a(shell.o)
 .debug_macro   0x000000000000ac99       0x7b /home/mpiuser/RIOT/examples/M1T5/bin/arduino-uno/shell_commands.a(shell_commands.o)
 .debug_macro   0x000000000000ad14      0xa42 /home/mpiuser/RIOT/examples/M1T5/bin/arduino-uno/shell_commands.a(shell_commands.o)
 .debug_macro   0x000000000000b756      0x10e /home/mpiuser/RIOT/examples/M1T5/bin/arduino-uno/shell_commands.a(shell_commands.o)
 .debug_macro   0x000000000000b864       0x66 /home/mpiuser/RIOT/examples/M1T5/bin/arduino-uno/shell_commands.a(shell_commands.o)
 .debug_macro   0x000000000000b8ca      0x21d /home/mpiuser/RIOT/examples/M1T5/bin/arduino-uno/shell_commands.a(sc_sys.o)
 .debug_macro   0x000000000000bae7      0xa42 /home/mpiuser/RIOT/examples/M1T5/bin/arduino-uno/shell_commands.a(sc_sys.o)
 .debug_macro   0x000000000000c529       0x24 /home/mpiuser/RIOT/examples/M1T5/bin/arduino-uno/shell_commands.a(sc_ps.o)
 .debug_macro   0x000000000000c54d      0xa42 /home/mpiuser/RIOT/examples/M1T5/bin/arduino-uno/shell_commands.a(sc_ps.o)
 .debug_macro   0x000000000000cf8f      0x22c /home/mpiuser/RIOT/examples/M1T5/bin/arduino-uno/periph_common.a(pm.o)
 .debug_macro   0x000000000000d1bb      0xa42 /home/mpiuser/RIOT/examples/M1T5/bin/arduino-uno/periph_common.a(pm.o)
 .debug_macro   0x000000000000dbfd      0x2a7 /home/mpiuser/RIOT/examples/M1T5/bin/arduino-uno/atmega_common.a(cpu.o)
 .debug_macro   0x000000000000dea4      0xa42 /home/mpiuser/RIOT/examples/M1T5/bin/arduino-uno/atmega_common.a(cpu.o)
 .debug_macro   0x000000000000e8e6       0x68 /home/mpiuser/RIOT/examples/M1T5/bin/arduino-uno/atmega_common.a(cpu.o)
 .debug_macro   0x000000000000e94e       0x10 /home/mpiuser/RIOT/examples/M1T5/bin/arduino-uno/atmega_common.a(cpu.o)
 .debug_macro   0x000000000000e95e       0x89 /home/mpiuser/RIOT/examples/M1T5/bin/arduino-uno/atmega_common.a(cpu.o)
 .debug_macro   0x000000000000e9e7       0xee /home/mpiuser/RIOT/examples/M1T5/bin/arduino-uno/atmega_common.a(cpu.o)
 .debug_macro   0x000000000000ead5      0x1e1 /home/mpiuser/RIOT/examples/M1T5/bin/arduino-uno/atmega_common.a(irq_arch.o)
 .debug_macro   0x000000000000ecb6      0xa42 /home/mpiuser/RIOT/examples/M1T5/bin/arduino-uno/atmega_common.a(irq_arch.o)
 .debug_macro   0x000000000000f6f8      0x256 /home/mpiuser/RIOT/examples/M1T5/bin/arduino-uno/atmega_common.a(thread_arch.o)
 .debug_macro   0x000000000000f94e      0xa42 /home/mpiuser/RIOT/examples/M1T5/bin/arduino-uno/atmega_common.a(thread_arch.o)
 .debug_macro   0x0000000000010390      0x221 /home/mpiuser/RIOT/examples/M1T5/bin/arduino-uno/atmega_common_periph.a(pm.o)
 .debug_macro   0x00000000000105b1      0xa42 /home/mpiuser/RIOT/examples/M1T5/bin/arduino-uno/atmega_common_periph.a(pm.o)
 .debug_macro   0x0000000000010ff3       0x62 /home/mpiuser/RIOT/examples/M1T5/bin/arduino-uno/atmega_common_periph.a(pm.o)
 .debug_macro   0x0000000000011055      0x1da /home/mpiuser/RIOT/examples/M1T5/bin/arduino-uno/auto_init.a(auto_init.o)
 .debug_macro   0x000000000001122f      0xa42 /home/mpiuser/RIOT/examples/M1T5/bin/arduino-uno/auto_init.a(auto_init.o)
 .debug_macro   0x0000000000011c71      0x287 /home/mpiuser/RIOT/examples/M1T5/bin/arduino-uno/avr_libc_extra.a(atmega_stdio.o)
 .debug_macro   0x0000000000011ef8      0xa42 /home/mpiuser/RIOT/examples/M1T5/bin/arduino-uno/avr_libc_extra.a(atmega_stdio.o)
 .debug_macro   0x000000000001293a       0x40 /home/mpiuser/RIOT/examples/M1T5/bin/arduino-uno/avr_libc_extra.a(atmega_stdio.o)
 .debug_macro   0x000000000001297a       0x10 /home/mpiuser/RIOT/examples/M1T5/bin/arduino-uno/avr_libc_extra.a(atmega_stdio.o)
 .debug_macro   0x000000000001298a      0x261 /home/mpiuser/RIOT/examples/M1T5/bin/arduino-uno/boards_common_arduino-atmega.a(led_init.o)
 .debug_macro   0x0000000000012beb      0xa42 /home/mpiuser/RIOT/examples/M1T5/bin/arduino-uno/boards_common_arduino-atmega.a(led_init.o)
 .debug_macro   0x000000000001362d      0x2fe /home/mpiuser/RIOT/examples/M1T5/bin/arduino-uno/stdio_uart.a(stdio_uart.o)
 .debug_macro   0x000000000001392b      0xa42 /home/mpiuser/RIOT/examples/M1T5/bin/arduino-uno/stdio_uart.a(stdio_uart.o)
 .debug_macro   0x000000000001436d       0x10 /home/mpiuser/RIOT/examples/M1T5/bin/arduino-uno/stdio_uart.a(stdio_uart.o)
 .debug_macro   0x000000000001437d       0x16 /home/mpiuser/RIOT/examples/M1T5/bin/arduino-uno/stdio_uart.a(stdio_uart.o)
 .debug_macro   0x0000000000014393       0x1a /home/mpiuser/RIOT/examples/M1T5/bin/arduino-uno/periph_common.a(init.o)
 .debug_macro   0x00000000000143ad      0xa42 /home/mpiuser/RIOT/examples/M1T5/bin/arduino-uno/periph_common.a(init.o)
 .debug_macro   0x0000000000014def      0x249 /home/mpiuser/RIOT/examples/M1T5/bin/arduino-uno/atmega_common_periph.a(uart.o)
 .debug_macro   0x0000000000015038      0xa42 /home/mpiuser/RIOT/examples/M1T5/bin/arduino-uno/atmega_common_periph.a(uart.o)
 .debug_macro   0x0000000000015a7a      0x2ff /home/mpiuser/RIOT/examples/M1T5/bin/arduino-uno/isrpipe.a(isrpipe.o)
 .debug_macro   0x0000000000015d79      0xa42 /home/mpiuser/RIOT/examples/M1T5/bin/arduino-uno/isrpipe.a(isrpipe.o)
 .debug_macro   0x00000000000167bb       0x2e /home/mpiuser/RIOT/examples/M1T5/bin/arduino-uno/isrpipe.a(isrpipe.o)
 .debug_macro   0x00000000000167e9       0x43 /home/mpiuser/RIOT/examples/M1T5/bin/arduino-uno/isrpipe.a(isrpipe.o)
 .debug_macro   0x000000000001682c       0x1c /home/mpiuser/RIOT/examples/M1T5/bin/arduino-uno/isrpipe.a(isrpipe.o)
 .debug_macro   0x0000000000016848       0x10 /home/mpiuser/RIOT/examples/M1T5/bin/arduino-uno/isrpipe.a(isrpipe.o)
 .debug_macro   0x0000000000016858       0x10 /home/mpiuser/RIOT/examples/M1T5/bin/arduino-uno/isrpipe.a(isrpipe.o)
 .debug_macro   0x0000000000016868       0x5f /home/mpiuser/RIOT/examples/M1T5/bin/arduino-uno/tsrb.a(tsrb.o)
 .debug_macro   0x00000000000168c7      0xa42 /home/mpiuser/RIOT/examples/M1T5/bin/arduino-uno/tsrb.a(tsrb.o)
 .debug_macro   0x0000000000017309      0x1fa /home/mpiuser/RIOT/examples/M1T5/bin/arduino-uno/core.a(mutex.o)
 .debug_macro   0x0000000000017503      0xa42 /home/mpiuser/RIOT/examples/M1T5/bin/arduino-uno/core.a(mutex.o)
OUTPUT(/home/mpiuser/RIOT/examples/M1T5/bin/arduino-uno/M1T5.elf elf32-avr)
LOAD linker stubs
